[2023-07-16T13:03:57.277+0000][65][info][gc,init] CardTable entry size: 512
[2023-07-16T13:03:57.277+0000][65][info][gc     ] Using G1
[2023-07-16T13:03:58.122+0000][65][info][gc,init] Version: 20.0.1+9-29 (release)
[2023-07-16T13:03:58.122+0000][65][info][gc,init] CPUs: 6 total, 6 available
[2023-07-16T13:03:58.122+0000][65][info][gc,init] Memory: 15988M
[2023-07-16T13:03:58.122+0000][65][info][gc,init] Large Page Support: Disabled
[2023-07-16T13:03:58.122+0000][65][info][gc,init] NUMA Support: Disabled
[2023-07-16T13:03:58.122+0000][65][info][gc,init] Compressed Oops: Enabled (32-bit)
[2023-07-16T13:03:58.122+0000][65][info][gc,init] Heap Region Size: 4M
[2023-07-16T13:03:58.122+0000][65][info][gc,init] Heap Min Capacity: 2G
[2023-07-16T13:03:58.122+0000][65][info][gc,init] Heap Initial Capacity: 2G
[2023-07-16T13:03:58.122+0000][65][info][gc,init] Heap Max Capacity: 2G
[2023-07-16T13:03:58.122+0000][65][info][gc,init] Pre-touch: Enabled
[2023-07-16T13:03:58.122+0000][65][info][gc,init] Parallel Workers: 6
[2023-07-16T13:03:58.122+0000][65][info][gc,init] Concurrent Workers: 2
[2023-07-16T13:03:58.122+0000][65][info][gc,init] Concurrent Refinement Workers: 6
[2023-07-16T13:03:58.122+0000][65][info][gc,init] Periodic GC: Disabled
[2023-07-16T13:03:58.122+0000][65][info][gc,metaspace] CDS archive(s) mapped at: [0x0000000800000000-0x0000000800c73000-0x0000000800c73000), size 13053952, SharedBaseAddress: 0x0000000800000000, ArchiveRelocationMode: 0.
[2023-07-16T13:03:58.122+0000][65][info][gc,metaspace] Compressed class space mapped at: 0x0000000801000000-0x0000000841000000, reserved size: 1073741824
[2023-07-16T13:03:58.122+0000][65][info][gc,metaspace] Narrow klass base: 0x0000000800000000, Narrow klass shift: 0, Narrow klass range: 0x100000000
[2023-07-16T13:03:59.243+0000][65][info][safepoint   ] Safepoint "Cleanup", Time since last: 1086865140 ns, Reaching safepoint: 3184 ns, Cleanup: 10021825 ns, At safepoint: 532224 ns, Total: 10557233 ns
[2023-07-16T13:04:00.322+0000][65][info][safepoint   ] Safepoint "Cleanup", Time since last: 1076748543 ns, Reaching safepoint: 475045 ns, Cleanup: 795935 ns, At safepoint: 47126 ns, Total: 1318106 ns
[2023-07-16T13:04:01.667+0000][65][info][safepoint   ] Safepoint "ICBufferFull", Time since last: 1345226167 ns, Reaching safepoint: 7056 ns, Cleanup: 108988 ns, At safepoint: 3098 ns, Total: 119142 ns
[2023-07-16T13:04:02.271+0000][65][info][safepoint   ] Safepoint "ICBufferFull", Time since last: 604064284 ns, Reaching safepoint: 5332 ns, Cleanup: 185462 ns, At safepoint: 6141 ns, Total: 196935 ns
[2023-07-16T13:04:02.903+0000][65][info][gc,start    ] GC(0) Pause Young (Normal) (G1 Evacuation Pause)
[2023-07-16T13:04:02.903+0000][65][info][gc,task     ] GC(0) Using 6 workers of 6 for evacuation
[2023-07-16T13:04:02.903+0000][65][debug][gc,age      ] GC(0) Desired survivor size 8388608 bytes, new threshold 15 (max threshold 15)
[2023-07-16T13:04:02.927+0000][65][info ][gc,phases   ] GC(0)   Pre Evacuate Collection Set: 0.2ms
[2023-07-16T13:04:02.927+0000][65][info ][gc,phases   ] GC(0)   Merge Heap Roots: 0.0ms
[2023-07-16T13:04:02.927+0000][65][info ][gc,phases   ] GC(0)   Evacuate Collection Set: 8.0ms
[2023-07-16T13:04:02.927+0000][65][info ][gc,phases   ] GC(0)   Post Evacuate Collection Set: 15.6ms
[2023-07-16T13:04:02.927+0000][65][info ][gc,phases   ] GC(0)   Other: 0.1ms
[2023-07-16T13:04:02.927+0000][65][trace][gc,age      ] GC(0) Age table with threshold 15 (max threshold 15)
[2023-07-16T13:04:02.927+0000][65][trace][gc,age      ] GC(0) - age   1:    8358640 bytes,    8358640 total
[2023-07-16T13:04:02.927+0000][65][info ][gc,heap     ] GC(0) Eden regions: 25->0(22)
[2023-07-16T13:04:02.927+0000][65][info ][gc,heap     ] GC(0) Survivor regions: 0->3(4)
[2023-07-16T13:04:02.927+0000][65][info ][gc,heap     ] GC(0) Old regions: 0->0
[2023-07-16T13:04:02.927+0000][65][info ][gc,heap     ] GC(0) Archive regions: 2->2
[2023-07-16T13:04:02.927+0000][65][info ][gc,heap     ] GC(0) Humongous regions: 0->0
[2023-07-16T13:04:02.927+0000][65][info ][gc,metaspace] GC(0) Metaspace: 15239K(15744K)->15239K(15744K) NonClass: 13456K(13696K)->13456K(13696K) Class: 1782K(2048K)->1782K(2048K)
[2023-07-16T13:04:02.927+0000][65][info ][gc          ] GC(0) Pause Young (Normal) (G1 Evacuation Pause) 103M->12M(2048M) 24.340ms
[2023-07-16T13:04:02.928+0000][65][info ][gc,cpu      ] GC(0) User=0.01s Sys=0.01s Real=0.03s
[2023-07-16T13:04:02.928+0000][65][info ][safepoint   ] Safepoint "G1CollectForAllocation", Time since last: 631799373 ns, Reaching safepoint: 7679 ns, Cleanup: 203827 ns, At safepoint: 24427169 ns, Total: 24638675 ns
[2023-07-16T13:04:03.935+0000][65][info ][safepoint   ] Safepoint "Cleanup", Time since last: 1006636483 ns, Reaching safepoint: 930534 ns, Cleanup: 119033 ns, At safepoint: 39784 ns, Total: 1089351 ns
[2023-07-16T13:04:04.961+0000][65][info ][safepoint   ] Safepoint "Cleanup", Time since last: 1008072938 ns, Reaching safepoint: 17160645 ns, Cleanup: 157974 ns, At safepoint: 35071 ns, Total: 17353690 ns
[2023-07-16T13:04:04.980+0000][65][info ][gc,start    ] GC(1) Pause Young (Normal) (G1 Evacuation Pause)
[2023-07-16T13:04:04.980+0000][65][info ][gc,task     ] GC(1) Using 6 workers of 6 for evacuation
[2023-07-16T13:04:04.980+0000][65][debug][gc,age      ] GC(1) Desired survivor size 8388608 bytes, new threshold 15 (max threshold 15)
[2023-07-16T13:04:05.055+0000][65][info ][gc,phases   ] GC(1)   Pre Evacuate Collection Set: 0.2ms
[2023-07-16T13:04:05.055+0000][65][info ][gc,phases   ] GC(1)   Merge Heap Roots: 0.1ms
[2023-07-16T13:04:05.055+0000][65][info ][gc,phases   ] GC(1)   Evacuate Collection Set: 57.7ms
[2023-07-16T13:04:05.055+0000][65][info ][gc,phases   ] GC(1)   Post Evacuate Collection Set: 16.5ms
[2023-07-16T13:04:05.055+0000][65][info ][gc,phases   ] GC(1)   Other: 0.1ms
[2023-07-16T13:04:05.055+0000][65][trace][gc,age      ] GC(1) Age table with threshold 15 (max threshold 15)
[2023-07-16T13:04:05.055+0000][65][trace][gc,age      ] GC(1) - age   1:    2607888 bytes,    2607888 total
[2023-07-16T13:04:05.055+0000][65][trace][gc,age      ] GC(1) - age   2:    7391144 bytes,    9999032 total
[2023-07-16T13:04:05.055+0000][65][info ][gc,heap     ] GC(1) Eden regions: 22->0(22)
[2023-07-16T13:04:05.055+0000][65][info ][gc,heap     ] GC(1) Survivor regions: 3->3(4)
[2023-07-16T13:04:05.055+0000][65][info ][gc,heap     ] GC(1) Old regions: 0->0
[2023-07-16T13:04:05.055+0000][65][info ][gc,heap     ] GC(1) Archive regions: 2->2
[2023-07-16T13:04:05.055+0000][65][info ][gc,heap     ] GC(1) Humongous regions: 0->0
[2023-07-16T13:04:05.055+0000][65][info ][gc,metaspace] GC(1) Metaspace: 17560K(17984K)->17560K(17984K) NonClass: 15539K(15744K)->15539K(15744K) Class: 2020K(2240K)->2020K(2240K)
[2023-07-16T13:04:05.055+0000][65][info ][gc          ] GC(1) Pause Young (Normal) (G1 Evacuation Pause) 100M->14M(2048M) 74.831ms
[2023-07-16T13:04:05.055+0000][65][info ][gc,cpu      ] GC(1) User=0.06s Sys=0.01s Real=0.08s
[2023-07-16T13:04:05.055+0000][65][info ][safepoint   ] Safepoint "G1CollectForAllocation", Time since last: 19101016 ns, Reaching safepoint: 4871 ns, Cleanup: 67081 ns, At safepoint: 74906690 ns, Total: 74978642 ns
[2023-07-16T13:04:05.768+0000][65][info ][gc,start    ] GC(2) Pause Young (Normal) (G1 Evacuation Pause)
[2023-07-16T13:04:05.768+0000][65][info ][gc,task     ] GC(2) Using 6 workers of 6 for evacuation
[2023-07-16T13:04:05.768+0000][65][debug][gc,age      ] GC(2) Desired survivor size 8388608 bytes, new threshold 2 (max threshold 15)
[2023-07-16T13:04:05.811+0000][65][info ][gc,phases   ] GC(2)   Pre Evacuate Collection Set: 0.2ms
[2023-07-16T13:04:05.811+0000][65][info ][gc,phases   ] GC(2)   Merge Heap Roots: 0.0ms
[2023-07-16T13:04:05.811+0000][65][info ][gc,phases   ] GC(2)   Evacuate Collection Set: 41.7ms
[2023-07-16T13:04:05.811+0000][65][info ][gc,phases   ] GC(2)   Post Evacuate Collection Set: 1.0ms
[2023-07-16T13:04:05.811+0000][65][info ][gc,phases   ] GC(2)   Other: 0.1ms
[2023-07-16T13:04:05.811+0000][65][trace][gc,age      ] GC(2) Age table with threshold 2 (max threshold 15)
[2023-07-16T13:04:05.811+0000][65][trace][gc,age      ] GC(2) - age   1:    1035008 bytes,    1035008 total
[2023-07-16T13:04:05.811+0000][65][trace][gc,age      ] GC(2) - age   2:    2414912 bytes,    3449920 total
[2023-07-16T13:04:05.811+0000][65][info ][gc,heap     ] GC(2) Eden regions: 22->0(91)
[2023-07-16T13:04:05.811+0000][65][info ][gc,heap     ] GC(2) Survivor regions: 3->1(4)
[2023-07-16T13:04:05.811+0000][65][info ][gc,heap     ] GC(2) Old regions: 0->2
[2023-07-16T13:04:05.811+0000][65][info ][gc,heap     ] GC(2) Archive regions: 2->2
[2023-07-16T13:04:05.811+0000][65][info ][gc,heap     ] GC(2) Humongous regions: 0->0
[2023-07-16T13:04:05.811+0000][65][info ][gc,metaspace] GC(2) Metaspace: 18264K(18752K)->18264K(18752K) NonClass: 16192K(16448K)->16192K(16448K) Class: 2071K(2304K)->2071K(2304K)
[2023-07-16T13:04:05.811+0000][65][info ][gc          ] GC(2) Pause Young (Normal) (G1 Evacuation Pause) 102M->15M(2048M) 43.256ms
[2023-07-16T13:04:05.811+0000][65][info ][gc,cpu      ] GC(2) User=0.03s Sys=0.00s Real=0.04s
[2023-07-16T13:04:05.811+0000][65][info ][safepoint   ] Safepoint "G1CollectForAllocation", Time since last: 713133613 ns, Reaching safepoint: 6156 ns, Cleanup: 126574 ns, At safepoint: 43340509 ns, Total: 43473239 ns
[2023-07-16T13:04:06.185+0000][65][info ][gc,start    ] GC(3) Pause Young (Concurrent Start) (Metadata GC Threshold)
[2023-07-16T13:04:06.185+0000][65][info ][gc,task     ] GC(3) Using 6 workers of 6 for evacuation
[2023-07-16T13:04:06.185+0000][65][debug][gc,age      ] GC(3) Desired survivor size 25165824 bytes, new threshold 15 (max threshold 15)
[2023-07-16T13:04:06.195+0000][65][info ][gc,phases   ] GC(3)   Pre Evacuate Collection Set: 0.2ms
[2023-07-16T13:04:06.195+0000][65][info ][gc,phases   ] GC(3)   Merge Heap Roots: 0.0ms
[2023-07-16T13:04:06.195+0000][65][info ][gc,phases   ] GC(3)   Evacuate Collection Set: 9.3ms
[2023-07-16T13:04:06.195+0000][65][info ][gc,phases   ] GC(3)   Post Evacuate Collection Set: 0.4ms
[2023-07-16T13:04:06.195+0000][65][info ][gc,phases   ] GC(3)   Other: 0.1ms
[2023-07-16T13:04:06.195+0000][65][trace][gc,age      ] GC(3) Age table with threshold 15 (max threshold 15)
[2023-07-16T13:04:06.195+0000][65][trace][gc,age      ] GC(3) - age   1:     334328 bytes,     334328 total
[2023-07-16T13:04:06.195+0000][65][trace][gc,age      ] GC(3) - age   2:     936768 bytes,    1271096 total
[2023-07-16T13:04:06.195+0000][65][trace][gc,age      ] GC(3) - age   3:    2414704 bytes,    3685800 total
[2023-07-16T13:04:06.195+0000][65][info ][gc,heap     ] GC(3) Eden regions: 3->0(146)
[2023-07-16T13:04:06.195+0000][65][info ][gc,heap     ] GC(3) Survivor regions: 1->1(12)
[2023-07-16T13:04:06.195+0000][65][info ][gc,heap     ] GC(3) Old regions: 2->2
[2023-07-16T13:04:06.195+0000][65][info ][gc,heap     ] GC(3) Archive regions: 2->2
[2023-07-16T13:04:06.195+0000][65][info ][gc,heap     ] GC(3) Humongous regions: 0->0
[2023-07-16T13:04:06.195+0000][65][info ][gc,metaspace] GC(3) Metaspace: 21017K(21504K)->21017K(21504K) NonClass: 18648K(18880K)->18648K(18880K) Class: 2369K(2624K)->2369K(2624K)
[2023-07-16T13:04:06.195+0000][65][info ][gc          ] GC(3) Pause Young (Concurrent Start) (Metadata GC Threshold) 25M->14M(2048M) 10.135ms
[2023-07-16T13:04:06.195+0000][65][info ][gc,cpu      ] GC(3) User=0.01s Sys=0.00s Real=0.02s
[2023-07-16T13:04:06.195+0000][65][info ][safepoint   ] Safepoint "CollectForMetadataAllocation", Time since last: 373534599 ns, Reaching safepoint: 5561 ns, Cleanup: 58010 ns, At safepoint: 10243794 ns, Total: 10307365 ns
[2023-07-16T13:04:06.195+0000][65][info ][gc          ] GC(4) Concurrent Mark Cycle
[2023-07-16T13:04:06.195+0000][65][info ][gc,marking  ] GC(4) Concurrent Scan Root Regions
[2023-07-16T13:04:06.197+0000][65][info ][gc,marking  ] GC(4) Concurrent Scan Root Regions 1.626ms
[2023-07-16T13:04:06.197+0000][65][info ][gc,marking  ] GC(4) Concurrent Mark
[2023-07-16T13:04:06.197+0000][65][info ][gc,marking  ] GC(4) Concurrent Mark From Roots
[2023-07-16T13:04:06.197+0000][65][info ][gc,task     ] GC(4) Using 2 workers of 2 for marking
[2023-07-16T13:04:06.253+0000][65][info ][gc,marking  ] GC(4) Concurrent Mark From Roots 55.713ms
[2023-07-16T13:04:06.253+0000][65][info ][gc,marking  ] GC(4) Concurrent Preclean
[2023-07-16T13:04:06.253+0000][65][info ][gc,marking  ] GC(4) Concurrent Preclean 0.053ms
[2023-07-16T13:04:06.259+0000][65][info ][gc,start    ] GC(4) Pause Remark
[2023-07-16T13:04:06.269+0000][65][info ][gc          ] GC(4) Pause Remark 16M->16M(2048M) 9.888ms
[2023-07-16T13:04:06.269+0000][65][info ][gc,cpu      ] GC(4) User=0.01s Sys=0.00s Real=0.01s
[2023-07-16T13:04:06.269+0000][65][info ][safepoint   ] Safepoint "G1PauseRemark", Time since last: 57703706 ns, Reaching safepoint: 5827577 ns, Cleanup: 68172 ns, At safepoint: 9982321 ns, Total: 15878070 ns
[2023-07-16T13:04:06.271+0000][65][info ][gc,marking  ] GC(4) Concurrent Mark 73.762ms
[2023-07-16T13:04:06.271+0000][65][info ][gc,marking  ] GC(4) Concurrent Rebuild Remembered Sets and Scrub Regions
[2023-07-16T13:04:06.280+0000][65][info ][gc,marking  ] GC(4) Concurrent Rebuild Remembered Sets and Scrub Regions 9.217ms
[2023-07-16T13:04:06.283+0000][65][info ][gc,start    ] GC(4) Pause Cleanup
[2023-07-16T13:04:06.283+0000][65][info ][gc          ] GC(4) Pause Cleanup 18M->18M(2048M) 0.117ms
[2023-07-16T13:04:06.283+0000][65][info ][gc,cpu      ] GC(4) User=0.00s Sys=0.00s Real=0.00s
[2023-07-16T13:04:06.283+0000][65][info ][safepoint   ] Safepoint "G1PauseCleanup", Time since last: 11613265 ns, Reaching safepoint: 2337117 ns, Cleanup: 77425 ns, At safepoint: 161570 ns, Total: 2576112 ns
[2023-07-16T13:04:06.283+0000][65][info ][gc,marking  ] GC(4) Concurrent Clear Claimed Marks
[2023-07-16T13:04:06.283+0000][65][info ][gc,marking  ] GC(4) Concurrent Clear Claimed Marks 0.042ms
[2023-07-16T13:04:06.283+0000][65][info ][gc,marking  ] GC(4) Concurrent Cleanup for Next Mark
[2023-07-16T13:04:06.295+0000][65][info ][gc,marking  ] GC(4) Concurrent Cleanup for Next Mark 12.373ms
[2023-07-16T13:04:06.296+0000][65][info ][gc          ] GC(4) Concurrent Mark Cycle 100.190ms
[2023-07-16T13:04:07.365+0000][65][info ][safepoint   ] Safepoint "ICBufferFull", Time since last: 1082255145 ns, Reaching safepoint: 5778 ns, Cleanup: 159792 ns, At safepoint: 4028 ns, Total: 169598 ns
[2023-07-16T13:04:08.383+0000][65][info ][safepoint   ] Safepoint "ICBufferFull", Time since last: 1017673780 ns, Reaching safepoint: 5773 ns, Cleanup: 175226 ns, At safepoint: 6040 ns, Total: 187039 ns
[2023-07-16T13:04:09.612+0000][65][info ][gc,start    ] GC(5) Pause Young (Normal) (G1 Evacuation Pause)
[2023-07-16T13:04:09.612+0000][65][info ][gc,task     ] GC(5) Using 6 workers of 6 for evacuation
[2023-07-16T13:04:09.612+0000][65][debug][gc,age      ] GC(5) Desired survivor size 39845888 bytes, new threshold 15 (max threshold 15)
[2023-07-16T13:04:09.648+0000][65][info ][gc,phases   ] GC(5)   Pre Evacuate Collection Set: 0.3ms
[2023-07-16T13:04:09.648+0000][65][info ][gc,phases   ] GC(5)   Merge Heap Roots: 0.1ms
[2023-07-16T13:04:09.648+0000][65][info ][gc,phases   ] GC(5)   Evacuate Collection Set: 34.3ms
[2023-07-16T13:04:09.648+0000][65][info ][gc,phases   ] GC(5)   Post Evacuate Collection Set: 1.6ms
[2023-07-16T13:04:09.648+0000][65][info ][gc,phases   ] GC(5)   Other: 0.1ms
[2023-07-16T13:04:09.648+0000][65][trace][gc,age      ] GC(5) Age table with threshold 15 (max threshold 15)
[2023-07-16T13:04:09.648+0000][65][trace][gc,age      ] GC(5) - age   1:   12019760 bytes,   12019760 total
[2023-07-16T13:04:09.648+0000][65][trace][gc,age      ] GC(5) - age   2:     254832 bytes,   12274592 total
[2023-07-16T13:04:09.648+0000][65][trace][gc,age      ] GC(5) - age   3:     933072 bytes,   13207664 total
[2023-07-16T13:04:09.648+0000][65][trace][gc,age      ] GC(5) - age   4:    2407992 bytes,   15615656 total
[2023-07-16T13:04:09.648+0000][65][info ][gc,heap     ] GC(5) Eden regions: 146->0(186)
[2023-07-16T13:04:09.648+0000][65][info ][gc,heap     ] GC(5) Survivor regions: 1->4(19)
[2023-07-16T13:04:09.648+0000][65][info ][gc,heap     ] GC(5) Old regions: 2->2
[2023-07-16T13:04:09.648+0000][65][info ][gc,heap     ] GC(5) Archive regions: 2->2
[2023-07-16T13:04:09.648+0000][65][info ][gc,heap     ] GC(5) Humongous regions: 0->0
[2023-07-16T13:04:09.648+0000][65][info ][gc,metaspace] GC(5) Metaspace: 31237K(32000K)->31237K(32000K) NonClass: 27618K(28032K)->27618K(28032K) Class: 3619K(3968K)->3619K(3968K)
[2023-07-16T13:04:09.648+0000][65][info ][gc          ] GC(5) Pause Young (Normal) (G1 Evacuation Pause) 598M->27M(2048M) 36.692ms
[2023-07-16T13:04:09.648+0000][65][info ][gc,cpu      ] GC(5) User=0.06s Sys=0.01s Real=0.04s
[2023-07-16T13:04:09.648+0000][65][info ][safepoint   ] Safepoint "G1CollectForAllocation", Time since last: 1228123690 ns, Reaching safepoint: 7743 ns, Cleanup: 227189 ns, At safepoint: 36804475 ns, Total: 37039407 ns
[2023-07-16T13:04:10.651+0000][65][info ][safepoint   ] Safepoint "Cleanup", Time since last: 1001485206 ns, Reaching safepoint: 781372 ns, Cleanup: 118177 ns, At safepoint: 26388 ns, Total: 925937 ns
[2023-07-16T13:04:11.661+0000][65][info ][safepoint   ] Safepoint "Cleanup", Time since last: 1003567417 ns, Reaching safepoint: 5977248 ns, Cleanup: 185677 ns, At safepoint: 52022 ns, Total: 6214947 ns
[2023-07-16T13:04:11.778+0000][65][info ][gc,start    ] GC(6) Pause Young (Concurrent Start) (Metadata GC Threshold)
[2023-07-16T13:04:11.778+0000][65][info ][gc,task     ] GC(6) Using 6 workers of 6 for evacuation
[2023-07-16T13:04:11.778+0000][65][debug][gc,age      ] GC(6) Desired survivor size 50331648 bytes, new threshold 15 (max threshold 15)
[2023-07-16T13:04:11.809+0000][65][info ][gc,phases   ] GC(6)   Pre Evacuate Collection Set: 0.2ms
[2023-07-16T13:04:11.809+0000][65][info ][gc,phases   ] GC(6)   Merge Heap Roots: 0.1ms
[2023-07-16T13:04:11.810+0000][65][info ][gc,phases   ] GC(6)   Evacuate Collection Set: 28.5ms
[2023-07-16T13:04:11.810+0000][65][info ][gc,phases   ] GC(6)   Post Evacuate Collection Set: 2.2ms
[2023-07-16T13:04:11.810+0000][65][info ][gc,phases   ] GC(6)   Other: 0.1ms
[2023-07-16T13:04:11.810+0000][65][trace][gc,age      ] GC(6) Age table with threshold 15 (max threshold 15)
[2023-07-16T13:04:11.810+0000][65][trace][gc,age      ] GC(6) - age   1:    8738840 bytes,    8738840 total
[2023-07-16T13:04:11.810+0000][65][trace][gc,age      ] GC(6) - age   2:   11172696 bytes,   19911536 total
[2023-07-16T13:04:11.810+0000][65][trace][gc,age      ] GC(6) - age   3:     253776 bytes,   20165312 total
[2023-07-16T13:04:11.810+0000][65][trace][gc,age      ] GC(6) - age   4:     929976 bytes,   21095288 total
[2023-07-16T13:04:11.810+0000][65][trace][gc,age      ] GC(6) - age   5:    2262328 bytes,   23357616 total
[2023-07-16T13:04:11.810+0000][65][info ][gc,heap     ] GC(6) Eden regions: 159->0(301)
[2023-07-16T13:04:11.810+0000][65][info ][gc,heap     ] GC(6) Survivor regions: 4->6(24)
[2023-07-16T13:04:11.810+0000][65][info ][gc,heap     ] GC(6) Old regions: 2->2
[2023-07-16T13:04:11.810+0000][65][info ][gc,heap     ] GC(6) Archive regions: 2->2
[2023-07-16T13:04:11.810+0000][65][info ][gc,heap     ] GC(6) Humongous regions: 0->0
[2023-07-16T13:04:11.810+0000][65][info ][gc,metaspace] GC(6) Metaspace: 35204K(36096K)->35204K(36096K) NonClass: 31055K(31616K)->31055K(31616K) Class: 4148K(4480K)->4148K(4480K)
[2023-07-16T13:04:11.810+0000][65][info ][gc          ] GC(6) Pause Young (Concurrent Start) (Metadata GC Threshold) 663M->34M(2048M) 31.308ms
[2023-07-16T13:04:11.810+0000][65][info ][gc,cpu      ] GC(6) User=0.03s Sys=0.01s Real=0.03s
[2023-07-16T13:04:11.810+0000][65][info ][gc          ] GC(7) Concurrent Mark Cycle
[2023-07-16T13:04:11.810+0000][65][info ][gc,marking  ] GC(7) Concurrent Scan Root Regions
[2023-07-16T13:04:11.814+0000][65][info ][safepoint   ] Safepoint "CollectForMetadataAllocation", Time since last: 111285616 ns, Reaching safepoint: 6308844 ns, Cleanup: 74926 ns, At safepoint: 35428450 ns, Total: 41812220 ns
[2023-07-16T13:04:11.814+0000][65][info ][gc,marking  ] GC(7) Concurrent Scan Root Regions 3.508ms
[2023-07-16T13:04:11.814+0000][65][info ][gc,marking  ] GC(7) Concurrent Mark
[2023-07-16T13:04:11.814+0000][65][info ][gc,marking  ] GC(7) Concurrent Mark From Roots
[2023-07-16T13:04:11.814+0000][65][info ][gc,task     ] GC(7) Using 2 workers of 2 for marking
[2023-07-16T13:04:11.823+0000][65][info ][gc,marking  ] GC(7) Concurrent Mark From Roots 9.639ms
[2023-07-16T13:04:11.824+0000][65][info ][gc,marking  ] GC(7) Concurrent Preclean
[2023-07-16T13:04:11.824+0000][65][info ][gc,marking  ] GC(7) Concurrent Preclean 0.050ms
[2023-07-16T13:04:11.828+0000][65][info ][gc,start    ] GC(7) Pause Remark
[2023-07-16T13:04:11.836+0000][65][info ][gc          ] GC(7) Pause Remark 39M->39M(2048M) 8.596ms
[2023-07-16T13:04:11.836+0000][65][info ][gc,cpu      ] GC(7) User=0.01s Sys=0.00s Real=0.01s
[2023-07-16T13:04:11.836+0000][65][info ][safepoint   ] Safepoint "G1PauseRemark", Time since last: 9856522 ns, Reaching safepoint: 779437 ns, Cleanup: 3325731 ns, At safepoint: 8747266 ns, Total: 12852434 ns
[2023-07-16T13:04:11.836+0000][65][info ][gc,marking  ] GC(7) Concurrent Mark 22.636ms
[2023-07-16T13:04:11.836+0000][65][info ][gc,marking  ] GC(7) Concurrent Rebuild Remembered Sets and Scrub Regions
[2023-07-16T13:04:11.840+0000][65][info ][gc,marking  ] GC(7) Concurrent Rebuild Remembered Sets and Scrub Regions 3.374ms
[2023-07-16T13:04:11.840+0000][65][info ][gc,start    ] GC(7) Pause Cleanup
[2023-07-16T13:04:11.840+0000][65][info ][gc          ] GC(7) Pause Cleanup 39M->39M(2048M) 0.098ms
[2023-07-16T13:04:11.840+0000][65][info ][gc,cpu      ] GC(7) User=0.00s Sys=0.00s Real=0.00s
[2023-07-16T13:04:11.840+0000][65][info ][safepoint   ] Safepoint "G1PauseCleanup", Time since last: 3456728 ns, Reaching safepoint: 247519 ns, Cleanup: 55829 ns, At safepoint: 151461 ns, Total: 454809 ns
[2023-07-16T13:04:11.840+0000][65][info ][gc,marking  ] GC(7) Concurrent Clear Claimed Marks
[2023-07-16T13:04:11.840+0000][65][info ][gc,marking  ] GC(7) Concurrent Clear Claimed Marks 0.065ms
[2023-07-16T13:04:11.840+0000][65][info ][gc,marking  ] GC(7) Concurrent Cleanup for Next Mark
[2023-07-16T13:04:11.843+0000][65][info ][gc,marking  ] GC(7) Concurrent Cleanup for Next Mark 2.502ms
[2023-07-16T13:04:11.843+0000][65][info ][gc          ] GC(7) Concurrent Mark Cycle 32.954ms
[2023-07-16T13:04:13.253+0000][65][info ][safepoint   ] Safepoint "ICBufferFull", Time since last: 1403309305 ns, Reaching safepoint: 9025280 ns, Cleanup: 172918 ns, At safepoint: 10819 ns, Total: 9209017 ns
[2023-07-16T13:04:14.259+0000][65][info ][safepoint   ] Safepoint "Cleanup", Time since last: 1000180348 ns, Reaching safepoint: 5704085 ns, Cleanup: 149157 ns, At safepoint: 60099 ns, Total: 5913341 ns
[2023-07-16T13:04:15.259+0000][65][info ][safepoint   ] Safepoint "Cleanup", Time since last: 1000165730 ns, Reaching safepoint: 141057 ns, Cleanup: 146901 ns, At safepoint: 28809 ns, Total: 316767 ns
[2023-07-16T13:04:16.260+0000][65][info ][safepoint   ] Safepoint "Cleanup", Time since last: 1000478606 ns, Reaching safepoint: 4938 ns, Cleanup: 121735 ns, At safepoint: 11210 ns, Total: 137883 ns
[2023-07-16T13:04:17.283+0000][65][info ][safepoint   ] Safepoint "Cleanup", Time since last: 1022262493 ns, Reaching safepoint: 44819 ns, Cleanup: 375169 ns, At safepoint: 62966 ns, Total: 482954 ns
[2023-07-16T13:04:18.526+0000][65][info ][gc,start    ] GC(8) Pause Young (Concurrent Start) (Metadata GC Threshold)
[2023-07-16T13:04:18.526+0000][65][info ][gc,task     ] GC(8) Using 6 workers of 6 for evacuation
[2023-07-16T13:04:18.526+0000][65][debug][gc,age      ] GC(8) Desired survivor size 81788928 bytes, new threshold 15 (max threshold 15)
[2023-07-16T13:04:18.628+0000][65][info ][gc,phases   ] GC(8)   Pre Evacuate Collection Set: 0.3ms
[2023-07-16T13:04:18.628+0000][65][info ][gc,phases   ] GC(8)   Merge Heap Roots: 0.1ms
[2023-07-16T13:04:18.628+0000][65][info ][gc,phases   ] GC(8)   Evacuate Collection Set: 83.8ms
[2023-07-16T13:04:18.628+0000][65][info ][gc,phases   ] GC(8)   Post Evacuate Collection Set: 16.8ms
[2023-07-16T13:04:18.628+0000][65][info ][gc,phases   ] GC(8)   Other: 0.2ms
[2023-07-16T13:04:18.628+0000][65][trace][gc,age      ] GC(8) Age table with threshold 15 (max threshold 15)
[2023-07-16T13:04:18.628+0000][65][trace][gc,age      ] GC(8) - age   1:   25366952 bytes,   25366952 total
[2023-07-16T13:04:18.628+0000][65][trace][gc,age      ] GC(8) - age   2:    8638712 bytes,   34005664 total
[2023-07-16T13:04:18.628+0000][65][trace][gc,age      ] GC(8) - age   3:   11130720 bytes,   45136384 total
[2023-07-16T13:04:18.628+0000][65][trace][gc,age      ] GC(8) - age   4:     251024 bytes,   45387408 total
[2023-07-16T13:04:18.628+0000][65][trace][gc,age      ] GC(8) - age   5:     927040 bytes,   46314448 total
[2023-07-16T13:04:18.628+0000][65][trace][gc,age      ] GC(8) - age   6:    2255160 bytes,   48569608 total
[2023-07-16T13:04:18.628+0000][65][info ][gc,heap     ] GC(8) Eden regions: 116->0(294)
[2023-07-16T13:04:18.628+0000][65][info ][gc,heap     ] GC(8) Survivor regions: 6->13(39)
[2023-07-16T13:04:18.628+0000][65][info ][gc,heap     ] GC(8) Old regions: 2->2
[2023-07-16T13:04:18.628+0000][65][info ][gc,heap     ] GC(8) Archive regions: 2->2
[2023-07-16T13:04:18.628+0000][65][info ][gc,heap     ] GC(8) Humongous regions: 0->0
[2023-07-16T13:04:18.628+0000][65][info ][gc,metaspace] GC(8) Metaspace: 59033K(60416K)->59033K(60416K) NonClass: 51534K(52352K)->51534K(52352K) Class: 7498K(8064K)->7498K(8064K)
[2023-07-16T13:04:18.628+0000][65][info ][gc          ] GC(8) Pause Young (Concurrent Start) (Metadata GC Threshold) 496M->61M(2048M) 101.657ms
[2023-07-16T13:04:18.628+0000][65][info ][gc,cpu      ] GC(8) User=0.10s Sys=0.01s Real=0.10s
[2023-07-16T13:04:18.628+0000][65][info ][safepoint   ] Safepoint "CollectForMetadataAllocation", Time since last: 1243214230 ns, Reaching safepoint: 8976 ns, Cleanup: 159788 ns, At safepoint: 101863625 ns, Total: 102032389 ns
[2023-07-16T13:04:18.628+0000][65][info ][gc          ] GC(9) Concurrent Mark Cycle
[2023-07-16T13:04:18.628+0000][65][info ][gc,marking  ] GC(9) Concurrent Scan Root Regions
[2023-07-16T13:04:18.660+0000][65][info ][gc,marking  ] GC(9) Concurrent Scan Root Regions 32.327ms
[2023-07-16T13:04:18.661+0000][65][info ][gc,marking  ] GC(9) Concurrent Mark
[2023-07-16T13:04:18.661+0000][65][info ][gc,marking  ] GC(9) Concurrent Mark From Roots
[2023-07-16T13:04:18.661+0000][65][info ][gc,task     ] GC(9) Using 2 workers of 2 for marking
[2023-07-16T13:04:18.674+0000][65][info ][gc,marking  ] GC(9) Concurrent Mark From Roots 13.145ms
[2023-07-16T13:04:18.674+0000][65][info ][gc,marking  ] GC(9) Concurrent Preclean
[2023-07-16T13:04:18.674+0000][65][info ][gc,marking  ] GC(9) Concurrent Preclean 0.064ms
[2023-07-16T13:04:18.674+0000][65][info ][gc,start    ] GC(9) Pause Remark
[2023-07-16T13:04:18.696+0000][65][info ][gc          ] GC(9) Pause Remark 65M->65M(2048M) 22.181ms
[2023-07-16T13:04:18.697+0000][65][info ][gc,cpu      ] GC(9) User=0.02s Sys=0.01s Real=0.02s
[2023-07-16T13:04:18.697+0000][65][info ][safepoint   ] Safepoint "G1PauseRemark", Time since last: 45796901 ns, Reaching safepoint: 335894 ns, Cleanup: 72891 ns, At safepoint: 22341001 ns, Total: 22749786 ns
[2023-07-16T13:04:18.697+0000][65][info ][gc,marking  ] GC(9) Concurrent Mark 36.072ms
[2023-07-16T13:04:18.697+0000][65][info ][gc,marking  ] GC(9) Concurrent Rebuild Remembered Sets and Scrub Regions
[2023-07-16T13:04:18.709+0000][65][info ][gc,marking  ] GC(9) Concurrent Rebuild Remembered Sets and Scrub Regions 12.670ms
[2023-07-16T13:04:18.709+0000][65][info ][gc,start    ] GC(9) Pause Cleanup
[2023-07-16T13:04:18.710+0000][65][info ][gc          ] GC(9) Pause Cleanup 67M->67M(2048M) 0.186ms
[2023-07-16T13:04:18.710+0000][65][info ][gc,cpu      ] GC(9) User=0.00s Sys=0.00s Real=0.00s
[2023-07-16T13:04:18.710+0000][65][info ][safepoint   ] Safepoint "G1PauseCleanup", Time since last: 12785252 ns, Reaching safepoint: 4749 ns, Cleanup: 76605 ns, At safepoint: 246892 ns, Total: 328246 ns
[2023-07-16T13:04:18.710+0000][65][info ][gc,marking  ] GC(9) Concurrent Clear Claimed Marks
[2023-07-16T13:04:18.710+0000][65][info ][gc,marking  ] GC(9) Concurrent Clear Claimed Marks 0.092ms
[2023-07-16T13:04:18.710+0000][65][info ][gc,marking  ] GC(9) Concurrent Cleanup for Next Mark
[2023-07-16T13:04:18.716+0000][65][info ][gc,marking  ] GC(9) Concurrent Cleanup for Next Mark 6.472ms
[2023-07-16T13:04:18.716+0000][65][info ][gc          ] GC(9) Concurrent Mark Cycle 88.274ms
[2023-07-16T13:04:19.725+0000][65][info ][safepoint   ] Safepoint "Cleanup", Time since last: 1008194819 ns, Reaching safepoint: 4410016 ns, Cleanup: 2862909 ns, At safepoint: 50549 ns, Total: 7323474 ns
[2023-07-16T13:04:21.732+0000][65][info ][safepoint   ] Safepoint "Cleanup", Time since last: 2002197772 ns, Reaching safepoint: 3848667 ns, Cleanup: 198116 ns, At safepoint: 22580 ns, Total: 4069363 ns
[2023-07-16T13:04:23.078+0000][65][info ][safepoint   ] Safepoint "Cleanup", Time since last: 1346048193 ns, Reaching safepoint: 4191 ns, Cleanup: 206873 ns, At safepoint: 16681 ns, Total: 227745 ns
[2023-07-16T13:04:24.130+0000][65][info ][safepoint   ] Safepoint "Cleanup", Time since last: 1048334590 ns, Reaching safepoint: 3784745 ns, Cleanup: 133802 ns, At safepoint: 56116 ns, Total: 3974663 ns
[2023-07-16T13:04:25.397+0000][65][info ][safepoint   ] Safepoint "Cleanup", Time since last: 1266029027 ns, Reaching safepoint: 992820 ns, Cleanup: 124363 ns, At safepoint: 13641 ns, Total: 1130824 ns
[2023-07-16T13:04:26.413+0000][65][info ][safepoint   ] Safepoint "Cleanup", Time since last: 1005428447 ns, Reaching safepoint: 9960810 ns, Cleanup: 63749 ns, At safepoint: 41948 ns, Total: 10066507 ns
[2023-07-16T13:04:27.819+0000][65][info ][safepoint   ] Safepoint "Cleanup", Time since last: 1406440652 ns, Reaching safepoint: 5147 ns, Cleanup: 143914 ns, At safepoint: 23764 ns, Total: 172825 ns
[2023-07-16T13:04:27.986+0000][65][info ][gc,start    ] GC(10) Pause Young (Concurrent Start) (Metadata GC Threshold)
[2023-07-16T13:04:27.986+0000][65][info ][gc,task     ] GC(10) Using 6 workers of 6 for evacuation
[2023-07-16T13:04:27.986+0000][65][debug][gc,age      ] GC(10) Desired survivor size 81788928 bytes, new threshold 15 (max threshold 15)
[2023-07-16T13:04:28.097+0000][65][info ][gc,phases   ] GC(10)   Pre Evacuate Collection Set: 0.2ms
[2023-07-16T13:04:28.097+0000][65][info ][gc,phases   ] GC(10)   Merge Heap Roots: 0.1ms
[2023-07-16T13:04:28.097+0000][65][info ][gc,phases   ] GC(10)   Evacuate Collection Set: 70.0ms
[2023-07-16T13:04:28.097+0000][65][info ][gc,phases   ] GC(10)   Post Evacuate Collection Set: 40.1ms
[2023-07-16T13:04:28.097+0000][65][info ][gc,phases   ] GC(10)   Other: 0.1ms
[2023-07-16T13:04:28.097+0000][65][trace][gc,age      ] GC(10) Age table with threshold 15 (max threshold 15)
[2023-07-16T13:04:28.097+0000][65][trace][gc,age      ] GC(10) - age   1:   17131488 bytes,   17131488 total
[2023-07-16T13:04:28.097+0000][65][trace][gc,age      ] GC(10) - age   2:   24724856 bytes,   41856344 total
[2023-07-16T13:04:28.097+0000][65][trace][gc,age      ] GC(10) - age   3:    8571616 bytes,   50427960 total
[2023-07-16T13:04:28.097+0000][65][trace][gc,age      ] GC(10) - age   4:   11090920 bytes,   61518880 total
[2023-07-16T13:04:28.097+0000][65][trace][gc,age      ] GC(10) - age   5:     246704 bytes,   61765584 total
[2023-07-16T13:04:28.097+0000][65][trace][gc,age      ] GC(10) - age   6:     924952 bytes,   62690536 total
[2023-07-16T13:04:28.097+0000][65][trace][gc,age      ] GC(10) - age   7:    2248840 bytes,   64939376 total
[2023-07-16T13:04:28.097+0000][65][info ][gc,heap     ] GC(10) Eden regions: 134->0(97)
[2023-07-16T13:04:28.097+0000][65][info ][gc,heap     ] GC(10) Survivor regions: 13->17(39)
[2023-07-16T13:04:28.097+0000][65][info ][gc,heap     ] GC(10) Old regions: 2->2
[2023-07-16T13:04:28.097+0000][65][info ][gc,heap     ] GC(10) Archive regions: 2->2
[2023-07-16T13:04:28.097+0000][65][info ][gc,heap     ] GC(10) Humongous regions: 0->0
[2023-07-16T13:04:28.097+0000][65][info ][gc,metaspace] GC(10) Metaspace: 99252K(101248K)->99252K(101248K) NonClass: 86188K(87296K)->86188K(87296K) Class: 13063K(13952K)->13063K(13952K)
[2023-07-16T13:04:28.097+0000][65][info ][gc          ] GC(10) Pause Young (Concurrent Start) (Metadata GC Threshold) 595M->77M(2048M) 110.797ms
[2023-07-16T13:04:28.097+0000][65][info ][gc,cpu      ] GC(10) User=0.25s Sys=0.01s Real=0.11s
[2023-07-16T13:04:28.097+0000][65][info ][safepoint   ] Safepoint "CollectForMetadataAllocation", Time since last: 166785397 ns, Reaching safepoint: 7044 ns, Cleanup: 91070 ns, At safepoint: 110977763 ns, Total: 111075877 ns
[2023-07-16T13:04:28.097+0000][65][info ][gc          ] GC(11) Concurrent Mark Cycle
[2023-07-16T13:04:28.097+0000][65][info ][gc,marking  ] GC(11) Concurrent Scan Root Regions
[2023-07-16T13:04:28.162+0000][65][info ][gc,marking  ] GC(11) Concurrent Scan Root Regions 65.168ms
[2023-07-16T13:04:28.163+0000][65][info ][gc,marking  ] GC(11) Concurrent Mark
[2023-07-16T13:04:28.163+0000][65][info ][gc,marking  ] GC(11) Concurrent Mark From Roots
[2023-07-16T13:04:28.163+0000][65][info ][gc,task     ] GC(11) Using 2 workers of 2 for marking
[2023-07-16T13:04:28.197+0000][65][info ][gc,marking  ] GC(11) Concurrent Mark From Roots 34.386ms
[2023-07-16T13:04:28.197+0000][65][info ][gc,marking  ] GC(11) Concurrent Preclean
[2023-07-16T13:04:28.197+0000][65][info ][gc,marking  ] GC(11) Concurrent Preclean 0.188ms
[2023-07-16T13:04:28.197+0000][65][info ][gc,start    ] GC(11) Pause Remark
[2023-07-16T13:04:28.208+0000][65][info ][gc          ] GC(11) Pause Remark 83M->83M(2048M) 10.073ms
[2023-07-16T13:04:28.208+0000][65][info ][gc,cpu      ] GC(11) User=0.00s Sys=0.01s Real=0.01s
[2023-07-16T13:04:28.208+0000][65][info ][safepoint   ] Safepoint "G1PauseRemark", Time since last: 100019756 ns, Reaching safepoint: 111640 ns, Cleanup: 102350 ns, At safepoint: 10193938 ns, Total: 10407928 ns
[2023-07-16T13:04:28.208+0000][65][info ][gc,marking  ] GC(11) Concurrent Mark 45.170ms
[2023-07-16T13:04:28.208+0000][65][info ][gc,marking  ] GC(11) Concurrent Rebuild Remembered Sets and Scrub Regions
[2023-07-16T13:04:28.212+0000][65][info ][gc,marking  ] GC(11) Concurrent Rebuild Remembered Sets and Scrub Regions 4.554ms
[2023-07-16T13:04:28.213+0000][65][info ][gc,start    ] GC(11) Pause Cleanup
[2023-07-16T13:04:28.213+0000][65][info ][gc          ] GC(11) Pause Cleanup 83M->83M(2048M) 0.233ms
[2023-07-16T13:04:28.213+0000][65][info ][gc,cpu      ] GC(11) User=0.00s Sys=0.00s Real=0.00s
[2023-07-16T13:04:28.213+0000][65][info ][safepoint   ] Safepoint "G1PauseCleanup", Time since last: 4660443 ns, Reaching safepoint: 303555 ns, Cleanup: 67039 ns, At safepoint: 323862 ns, Total: 694456 ns
[2023-07-16T13:04:28.213+0000][65][info ][gc,marking  ] GC(11) Concurrent Clear Claimed Marks
[2023-07-16T13:04:28.213+0000][65][info ][gc,marking  ] GC(11) Concurrent Clear Claimed Marks 0.196ms
[2023-07-16T13:04:28.213+0000][65][info ][gc,marking  ] GC(11) Concurrent Cleanup for Next Mark
[2023-07-16T13:04:28.221+0000][65][info ][gc,marking  ] GC(11) Concurrent Cleanup for Next Mark 7.644ms
[2023-07-16T13:04:28.221+0000][65][info ][gc          ] GC(11) Concurrent Mark Cycle 123.691ms
[2023-07-16T13:04:29.214+0000][65][info ][safepoint   ] Safepoint "Cleanup", Time since last: 1000467132 ns, Reaching safepoint: 11484 ns, Cleanup: 110314 ns, At safepoint: 8706 ns, Total: 130504 ns
[2023-07-16T13:04:30.216+0000][65][info ][safepoint   ] Safepoint "Cleanup", Time since last: 1000955997 ns, Reaching safepoint: 1036920 ns, Cleanup: 175851 ns, At safepoint: 60975 ns, Total: 1273746 ns
[2023-07-16T13:04:31.233+0000][65][info ][safepoint   ] Safepoint "Cleanup", Time since last: 1017200835 ns, Reaching safepoint: 8066 ns, Cleanup: 184597 ns, At safepoint: 52396 ns, Total: 245059 ns
[2023-07-16T13:04:32.238+0000][65][info ][safepoint   ] Safepoint "Cleanup", Time since last: 1000731070 ns, Reaching safepoint: 3457644 ns, Cleanup: 151225 ns, At safepoint: 35127 ns, Total: 3643996 ns
[2023-07-16T13:04:33.596+0000][65][info ][safepoint   ] Safepoint "Cleanup", Time since last: 1357747764 ns, Reaching safepoint: 13477 ns, Cleanup: 220466 ns, At safepoint: 10829 ns, Total: 244772 ns
[2023-07-16T13:04:34.499+0000][65][info ][safepoint   ] Safepoint "ICBufferFull", Time since last: 901926541 ns, Reaching safepoint: 10875 ns, Cleanup: 1623471 ns, At safepoint: 31243 ns, Total: 1665589 ns
[2023-07-16T13:04:35.007+0000][65][info ][safepoint   ] Safepoint "ICBufferFull", Time since last: 507132364 ns, Reaching safepoint: 63093 ns, Cleanup: 248007 ns, At safepoint: 20441 ns, Total: 331541 ns
[2023-07-16T13:04:35.419+0000][65][info ][safepoint   ] Safepoint "ICBufferFull", Time since last: 412509486 ns, Reaching safepoint: 8261 ns, Cleanup: 151612 ns, At safepoint: 22095 ns, Total: 181968 ns
[2023-07-16T13:04:36.420+0000][65][info ][safepoint   ] Safepoint "Cleanup", Time since last: 1000891670 ns, Reaching safepoint: 13160 ns, Cleanup: 133338 ns, At safepoint: 10425 ns, Total: 156923 ns
[2023-07-16T13:04:37.422+0000][65][info ][safepoint   ] Safepoint "Cleanup", Time since last: 1001132731 ns, Reaching safepoint: 11442 ns, Cleanup: 127347 ns, At safepoint: 8851 ns, Total: 147640 ns
[2023-07-16T13:04:38.423+0000][65][info ][safepoint   ] Safepoint "Cleanup", Time since last: 1000729665 ns, Reaching safepoint: 10223 ns, Cleanup: 282395 ns, At safepoint: 7487 ns, Total: 300105 ns
[2023-07-16T13:04:39.424+0000][65][info ][safepoint   ] Safepoint "Cleanup", Time since last: 1000729488 ns, Reaching safepoint: 9813 ns, Cleanup: 154021 ns, At safepoint: 7554 ns, Total: 171388 ns
[2023-07-16T13:04:40.445+0000][65][info ][safepoint   ] Safepoint "Cleanup", Time since last: 1020661828 ns, Reaching safepoint: 4030 ns, Cleanup: 177465 ns, At safepoint: 18223 ns, Total: 199718 ns
[2023-07-16T13:04:41.178+0000][65][info ][safepoint   ] Safepoint "ICBufferFull", Time since last: 733331665 ns, Reaching safepoint: 11089 ns, Cleanup: 189967 ns, At safepoint: 23623 ns, Total: 224679 ns
[2023-07-16T13:04:41.625+0000][65][info ][safepoint   ] Safepoint "ICBufferFull", Time since last: 446716009 ns, Reaching safepoint: 10345 ns, Cleanup: 133587 ns, At safepoint: 10565 ns, Total: 154497 ns
[2023-07-16T13:04:42.637+0000][65][info ][safepoint   ] Safepoint "Cleanup", Time since last: 1011565067 ns, Reaching safepoint: 32763 ns, Cleanup: 105031 ns, At safepoint: 8471 ns, Total: 146265 ns
[2023-07-16T13:04:43.637+0000][65][info ][safepoint   ] Safepoint "Cleanup", Time since last: 1000234257 ns, Reaching safepoint: 10887 ns, Cleanup: 63612 ns, At safepoint: 5854 ns, Total: 80353 ns
[2023-07-16T13:04:44.274+0000][65][info ][safepoint   ] Safepoint "ICBufferFull", Time since last: 637044214 ns, Reaching safepoint: 261508 ns, Cleanup: 153009 ns, At safepoint: 28502 ns, Total: 443019 ns
[2023-07-16T13:04:45.162+0000][65][info ][safepoint   ] Safepoint "ICBufferFull", Time since last: 887499978 ns, Reaching safepoint: 12715 ns, Cleanup: 240646 ns, At safepoint: 8996 ns, Total: 262357 ns
[2023-07-16T13:04:45.271+0000][65][info ][gc,start    ] GC(12) Pause Young (Normal) (G1 Evacuation Pause)
[2023-07-16T13:04:45.271+0000][65][info ][gc,task     ] GC(12) Using 6 workers of 6 for evacuation
[2023-07-16T13:04:45.271+0000][65][debug][gc,age      ] GC(12) Desired survivor size 29360128 bytes, new threshold 2 (max threshold 15)
[2023-07-16T13:04:45.350+0000][65][info ][gc,phases   ] GC(12)   Pre Evacuate Collection Set: 0.2ms
[2023-07-16T13:04:45.350+0000][65][info ][gc,phases   ] GC(12)   Merge Heap Roots: 0.2ms
[2023-07-16T13:04:45.350+0000][65][info ][gc,phases   ] GC(12)   Evacuate Collection Set: 73.9ms
[2023-07-16T13:04:45.350+0000][65][info ][gc,phases   ] GC(12)   Post Evacuate Collection Set: 4.6ms
[2023-07-16T13:04:45.350+0000][65][info ][gc,phases   ] GC(12)   Other: 0.1ms
[2023-07-16T13:04:45.350+0000][65][trace][gc,age      ] GC(12) Age table with threshold 2 (max threshold 15)
[2023-07-16T13:04:45.350+0000][65][trace][gc,age      ] GC(12) - age   1:   30529464 bytes,   30529464 total
[2023-07-16T13:04:45.350+0000][65][trace][gc,age      ] GC(12) - age   2:   16123496 bytes,   46652960 total
[2023-07-16T13:04:45.350+0000][65][info ][gc,heap     ] GC(12) Eden regions: 93->0(130)
[2023-07-16T13:04:45.350+0000][65][info ][gc,heap     ] GC(12) Survivor regions: 17->13(14)
[2023-07-16T13:04:45.350+0000][65][info ][gc,heap     ] GC(12) Old regions: 2->14
[2023-07-16T13:04:45.350+0000][65][info ][gc,heap     ] GC(12) Archive regions: 2->2
[2023-07-16T13:04:45.350+0000][65][info ][gc,heap     ] GC(12) Humongous regions: 2->2
[2023-07-16T13:04:45.350+0000][65][info ][gc,metaspace] GC(12) Metaspace: 125514K(129024K)->125514K(129024K) NonClass: 108378K(110208K)->108378K(110208K) Class: 17136K(18816K)->17136K(18816K)
[2023-07-16T13:04:45.350+0000][65][info ][gc          ] GC(12) Pause Young (Normal) (G1 Evacuation Pause) 457M->118M(2048M) 79.330ms
[2023-07-16T13:04:45.350+0000][65][info ][gc,cpu      ] GC(12) User=0.12s Sys=0.02s Real=0.08s
[2023-07-16T13:04:45.350+0000][65][info ][safepoint   ] Safepoint "G1CollectForAllocation", Time since last: 108071885 ns, Reaching safepoint: 56210 ns, Cleanup: 172771 ns, At safepoint: 79521543 ns, Total: 79750524 ns
[2023-07-16T13:04:46.350+0000][65][info ][safepoint   ] Safepoint "Cleanup", Time since last: 1000279263 ns, Reaching safepoint: 11640 ns, Cleanup: 93255 ns, At safepoint: 7796 ns, Total: 112691 ns
[2023-07-16T13:04:47.351+0000][65][info ][safepoint   ] Safepoint "Cleanup", Time since last: 1000702639 ns, Reaching safepoint: 11202 ns, Cleanup: 193379 ns, At safepoint: 8956 ns, Total: 213537 ns
[2023-07-16T13:04:48.437+0000][65][info ][safepoint   ] Safepoint "Cleanup", Time since last: 1085937157 ns, Reaching safepoint: 13616 ns, Cleanup: 115804 ns, At safepoint: 11201 ns, Total: 140621 ns
[2023-07-16T13:04:48.862+0000][65][info ][safepoint   ] Safepoint "ICBufferFull", Time since last: 417436980 ns, Reaching safepoint: 7134431 ns, Cleanup: 409002 ns, At safepoint: 63845 ns, Total: 7607278 ns
[2023-07-16T13:04:49.130+0000][65][info ][safepoint   ] Safepoint "ICBufferFull", Time since last: 267685374 ns, Reaching safepoint: 104066 ns, Cleanup: 137694 ns, At safepoint: 31498 ns, Total: 273258 ns
[2023-07-16T13:04:49.452+0000][65][info ][safepoint   ] Safepoint "ICBufferFull", Time since last: 321040430 ns, Reaching safepoint: 268066 ns, Cleanup: 192190 ns, At safepoint: 19196 ns, Total: 479452 ns
[2023-07-16T13:04:49.804+0000][65][info ][safepoint   ] Safepoint "ICBufferFull", Time since last: 351069519 ns, Reaching safepoint: 577398 ns, Cleanup: 148890 ns, At safepoint: 54168 ns, Total: 780456 ns
[2023-07-16T13:04:50.249+0000][65][info ][safepoint   ] Safepoint "ICBufferFull", Time since last: 445127052 ns, Reaching safepoint: 11954 ns, Cleanup: 137591 ns, At safepoint: 25155 ns, Total: 174700 ns
[2023-07-16T13:04:50.994+0000][65][info ][safepoint   ] Safepoint "ICBufferFull", Time since last: 744041240 ns, Reaching safepoint: 884237 ns, Cleanup: 409133 ns, At safepoint: 50320 ns, Total: 1343690 ns
[2023-07-16T13:04:51.410+0000][65][info ][safepoint   ] Safepoint "ICBufferFull", Time since last: 415726627 ns, Reaching safepoint: 10300 ns, Cleanup: 135538 ns, At safepoint: 23080 ns, Total: 168918 ns
[2023-07-16T13:04:52.187+0000][65][info ][safepoint   ] Safepoint "ICBufferFull", Time since last: 775813217 ns, Reaching safepoint: 258347 ns, Cleanup: 247095 ns, At safepoint: 16722 ns, Total: 522164 ns
[2023-07-16T13:04:53.067+0000][65][info ][safepoint   ] Safepoint "ICBufferFull", Time since last: 880428807 ns, Reaching safepoint: 14478 ns, Cleanup: 179456 ns, At safepoint: 9721 ns, Total: 203655 ns
[2023-07-16T13:04:53.635+0000][65][info ][safepoint   ] Safepoint "ICBufferFull", Time since last: 567729224 ns, Reaching safepoint: 110391 ns, Cleanup: 200169 ns, At safepoint: 18915 ns, Total: 329475 ns
[2023-07-16T13:04:54.201+0000][65][info ][gc,start    ] GC(13) Pause Young (Normal) (G1 Evacuation Pause)
[2023-07-16T13:04:54.201+0000][65][info ][gc,task     ] GC(13) Using 6 workers of 6 for evacuation
[2023-07-16T13:04:54.201+0000][65][debug][gc,age      ] GC(13) Desired survivor size 33554432 bytes, new threshold 2 (max threshold 15)
[2023-07-16T13:04:54.242+0000][65][info ][gc,phases   ] GC(13)   Pre Evacuate Collection Set: 0.2ms
[2023-07-16T13:04:54.242+0000][65][info ][gc,phases   ] GC(13)   Merge Heap Roots: 0.1ms
[2023-07-16T13:04:54.242+0000][65][info ][gc,phases   ] GC(13)   Evacuate Collection Set: 36.7ms
[2023-07-16T13:04:54.242+0000][65][info ][gc,phases   ] GC(13)   Post Evacuate Collection Set: 4.1ms
[2023-07-16T13:04:54.242+0000][65][info ][gc,phases   ] GC(13)   Other: 0.1ms
[2023-07-16T13:04:54.242+0000][65][trace][gc,age      ] GC(13) Age table with threshold 2 (max threshold 15)
[2023-07-16T13:04:54.242+0000][65][trace][gc,age      ] GC(13) - age   1:   18971680 bytes,   18971680 total
[2023-07-16T13:04:54.242+0000][65][trace][gc,age      ] GC(13) - age   2:   29736408 bytes,   48708088 total
[2023-07-16T13:04:54.242+0000][65][info ][gc,heap     ] GC(13) Eden regions: 108->0(294)
[2023-07-16T13:04:54.242+0000][65][info ][gc,heap     ] GC(13) Survivor regions: 13->13(16)
[2023-07-16T13:04:54.242+0000][65][info ][gc,heap     ] GC(13) Old regions: 14->19
[2023-07-16T13:04:54.242+0000][65][info ][gc,heap     ] GC(13) Archive regions: 2->2
[2023-07-16T13:04:54.242+0000][65][info ][gc,heap     ] GC(13) Humongous regions: 2->2
[2023-07-16T13:04:54.242+0000][65][info ][gc,metaspace] GC(13) Metaspace: 130117K(133568K)->130117K(133568K) NonClass: 112519K(114304K)->112519K(114304K) Class: 17598K(19264K)->17598K(19264K)
[2023-07-16T13:04:54.243+0000][65][info ][gc          ] GC(13) Pause Young (Normal) (G1 Evacuation Pause) 550M->136M(2048M) 41.562ms
[2023-07-16T13:04:54.243+0000][65][info ][gc,cpu      ] GC(13) User=0.10s Sys=0.00s Real=0.04s
[2023-07-16T13:04:54.243+0000][65][info ][safepoint   ] Safepoint "G1CollectForAllocation", Time since last: 565325123 ns, Reaching safepoint: 11063 ns, Cleanup: 169064 ns, At safepoint: 41736091 ns, Total: 41916218 ns
[2023-07-16T13:04:55.128+0000][65][info ][safepoint   ] Safepoint "ICBufferFull", Time since last: 884570197 ns, Reaching safepoint: 670737 ns, Cleanup: 191494 ns, At safepoint: 24699 ns, Total: 886930 ns
[2023-07-16T13:04:55.383+0000][65][info ][safepoint   ] Safepoint "ICBufferFull", Time since last: 253514614 ns, Reaching safepoint: 726074 ns, Cleanup: 158053 ns, At safepoint: 36947 ns, Total: 921074 ns
[2023-07-16T13:04:55.920+0000][65][info ][safepoint   ] Safepoint "ICBufferFull", Time since last: 536378732 ns, Reaching safepoint: 976881 ns, Cleanup: 207816 ns, At safepoint: 44726 ns, Total: 1229423 ns
[2023-07-16T13:04:57.594+0000][65][info ][safepoint   ] Safepoint "ICBufferFull", Time since last: 1673643648 ns, Reaching safepoint: 15513 ns, Cleanup: 239982 ns, At safepoint: 31094 ns, Total: 286589 ns
[2023-07-16T13:04:58.792+0000][65][info ][safepoint   ] Safepoint "ICBufferFull", Time since last: 1197804699 ns, Reaching safepoint: 17005 ns, Cleanup: 284698 ns, At safepoint: 29610 ns, Total: 331313 ns
[2023-07-16T13:04:59.793+0000][65][info ][safepoint   ] Safepoint "Cleanup", Time since last: 1000620183 ns, Reaching safepoint: 18031 ns, Cleanup: 106859 ns, At safepoint: 13568 ns, Total: 138458 ns
[2023-07-16T13:05:00.821+0000][65][info ][safepoint   ] Safepoint "Cleanup", Time since last: 1027446071 ns, Reaching safepoint: 6971 ns, Cleanup: 262210 ns, At safepoint: 20546 ns, Total: 289727 ns
[2023-07-16T13:05:02.677+0000][65][info ][safepoint   ] Safepoint "Cleanup", Time since last: 1856450943 ns, Reaching safepoint: 43982 ns, Cleanup: 157341 ns, At safepoint: 10280 ns, Total: 211603 ns
[2023-07-16T13:05:03.678+0000][65][info ][safepoint   ] Safepoint "Cleanup", Time since last: 1000773080 ns, Reaching safepoint: 25246 ns, Cleanup: 145669 ns, At safepoint: 20119 ns, Total: 191034 ns
[2023-07-16T13:05:05.679+0000][65][info ][safepoint   ] Safepoint "Cleanup", Time since last: 2000579608 ns, Reaching safepoint: 13563 ns, Cleanup: 107103 ns, At safepoint: 8117 ns, Total: 128783 ns
[2023-07-16T13:05:07.681+0000][65][info ][safepoint   ] Safepoint "Cleanup", Time since last: 2001732067 ns, Reaching safepoint: 13554 ns, Cleanup: 81663 ns, At safepoint: 7855 ns, Total: 103072 ns
[2023-07-16T13:05:08.701+0000][65][info ][safepoint   ] Safepoint "Cleanup", Time since last: 1019919249 ns, Reaching safepoint: 5567 ns, Cleanup: 118920 ns, At safepoint: 18722 ns, Total: 143209 ns
[2023-07-16T13:05:09.704+0000][65][info ][safepoint   ] Safepoint "Cleanup", Time since last: 1002842552 ns, Reaching safepoint: 16107 ns, Cleanup: 168351 ns, At safepoint: 11586 ns, Total: 196044 ns
[2023-07-16T13:05:10.888+0000][65][info ][safepoint   ] Safepoint "ICBufferFull", Time since last: 1183474571 ns, Reaching safepoint: 48930 ns, Cleanup: 622085 ns, At safepoint: 31742 ns, Total: 702757 ns
[2023-07-16T13:05:11.889+0000][65][info ][safepoint   ] Safepoint "Cleanup", Time since last: 1000493606 ns, Reaching safepoint: 12085 ns, Cleanup: 219733 ns, At safepoint: 11358 ns, Total: 243176 ns
