[2023-07-16T13:03:58.177+0000][64][info][gc,init] CardTable entry size: 512
[2023-07-16T13:03:58.178+0000][64][info][gc     ] Using G1
[2023-07-16T13:03:59.131+0000][64][info][gc,init] Version: 20.0.1+9-29 (release)
[2023-07-16T13:03:59.131+0000][64][info][gc,init] CPUs: 6 total, 6 available
[2023-07-16T13:03:59.131+0000][64][info][gc,init] Memory: 15988M
[2023-07-16T13:03:59.131+0000][64][info][gc,init] Large Page Support: Disabled
[2023-07-16T13:03:59.131+0000][64][info][gc,init] NUMA Support: Disabled
[2023-07-16T13:03:59.131+0000][64][info][gc,init] Compressed Oops: Enabled (32-bit)
[2023-07-16T13:03:59.131+0000][64][info][gc,init] Heap Region Size: 4M
[2023-07-16T13:03:59.131+0000][64][info][gc,init] Heap Min Capacity: 2G
[2023-07-16T13:03:59.131+0000][64][info][gc,init] Heap Initial Capacity: 2G
[2023-07-16T13:03:59.131+0000][64][info][gc,init] Heap Max Capacity: 2G
[2023-07-16T13:03:59.131+0000][64][info][gc,init] Pre-touch: Enabled
[2023-07-16T13:03:59.131+0000][64][info][gc,init] Parallel Workers: 6
[2023-07-16T13:03:59.131+0000][64][info][gc,init] Concurrent Workers: 2
[2023-07-16T13:03:59.131+0000][64][info][gc,init] Concurrent Refinement Workers: 6
[2023-07-16T13:03:59.131+0000][64][info][gc,init] Periodic GC: Disabled
[2023-07-16T13:03:59.131+0000][64][info][gc,metaspace] CDS archive(s) mapped at: [0x0000000800000000-0x0000000800c73000-0x0000000800c73000), size 13053952, SharedBaseAddress: 0x0000000800000000, ArchiveRelocationMode: 0.
[2023-07-16T13:03:59.131+0000][64][info][gc,metaspace] Compressed class space mapped at: 0x0000000801000000-0x0000000841000000, reserved size: 1073741824
[2023-07-16T13:03:59.131+0000][64][info][gc,metaspace] Narrow klass base: 0x0000000800000000, Narrow klass shift: 0, Narrow klass range: 0x100000000
[2023-07-16T13:04:00.083+0000][64][info][safepoint   ] Safepoint "ICBufferFull", Time since last: 927944007 ns, Reaching safepoint: 3920 ns, Cleanup: 178417 ns, At safepoint: 10768 ns, Total: 193105 ns
[2023-07-16T13:04:01.202+0000][64][info][safepoint   ] Safepoint "Cleanup", Time since last: 1118668136 ns, Reaching safepoint: 3793 ns, Cleanup: 790689 ns, At safepoint: 31827 ns, Total: 826309 ns
[2023-07-16T13:04:02.313+0000][64][info][safepoint   ] Safepoint "Cleanup", Time since last: 1109902943 ns, Reaching safepoint: 6070 ns, Cleanup: 391680 ns, At safepoint: 20889 ns, Total: 418639 ns
[2023-07-16T13:04:03.534+0000][64][info][gc,start    ] GC(0) Pause Young (Normal) (G1 Evacuation Pause)
[2023-07-16T13:04:03.534+0000][64][info][gc,task     ] GC(0) Using 6 workers of 6 for evacuation
[2023-07-16T13:04:03.534+0000][64][debug][gc,age      ] GC(0) Desired survivor size 8388608 bytes, new threshold 15 (max threshold 15)
[2023-07-16T13:04:03.550+0000][64][info ][gc,phases   ] GC(0)   Pre Evacuate Collection Set: 3.8ms
[2023-07-16T13:04:03.550+0000][64][info ][gc,phases   ] GC(0)   Merge Heap Roots: 1.2ms
[2023-07-16T13:04:03.550+0000][64][info ][gc,phases   ] GC(0)   Evacuate Collection Set: 8.8ms
[2023-07-16T13:04:03.550+0000][64][info ][gc,phases   ] GC(0)   Post Evacuate Collection Set: 2.0ms
[2023-07-16T13:04:03.550+0000][64][info ][gc,phases   ] GC(0)   Other: 0.1ms
[2023-07-16T13:04:03.550+0000][64][trace][gc,age      ] GC(0) Age table with threshold 15 (max threshold 15)
[2023-07-16T13:04:03.550+0000][64][trace][gc,age      ] GC(0) - age   1:    8359304 bytes,    8359304 total
[2023-07-16T13:04:03.550+0000][64][info ][gc,heap     ] GC(0) Eden regions: 25->0(22)
[2023-07-16T13:04:03.550+0000][64][info ][gc,heap     ] GC(0) Survivor regions: 0->3(4)
[2023-07-16T13:04:03.550+0000][64][info ][gc,heap     ] GC(0) Old regions: 0->0
[2023-07-16T13:04:03.550+0000][64][info ][gc,heap     ] GC(0) Archive regions: 2->2
[2023-07-16T13:04:03.550+0000][64][info ][gc,heap     ] GC(0) Humongous regions: 0->0
[2023-07-16T13:04:03.550+0000][64][info ][gc,metaspace] GC(0) Metaspace: 15223K(15744K)->15223K(15744K) NonClass: 13440K(13696K)->13440K(13696K) Class: 1782K(2048K)->1782K(2048K)
[2023-07-16T13:04:03.550+0000][64][info ][gc          ] GC(0) Pause Young (Normal) (G1 Evacuation Pause) 103M->12M(2048M) 16.208ms
[2023-07-16T13:04:03.550+0000][64][info ][gc,cpu      ] GC(0) User=0.02s Sys=0.00s Real=0.01s
[2023-07-16T13:04:03.550+0000][64][info ][safepoint   ] Safepoint "G1CollectForAllocation", Time since last: 1221357332 ns, Reaching safepoint: 6131 ns, Cleanup: 110385 ns, At safepoint: 16299316 ns, Total: 16415832 ns
[2023-07-16T13:04:04.553+0000][64][info ][safepoint   ] Safepoint "Cleanup", Time since last: 1001882006 ns, Reaching safepoint: 6659 ns, Cleanup: 319402 ns, At safepoint: 37586 ns, Total: 363647 ns
[2023-07-16T13:04:05.526+0000][64][info ][safepoint   ] Safepoint "ICBufferFull", Time since last: 965809615 ns, Reaching safepoint: 6909777 ns, Cleanup: 517838 ns, At safepoint: 26806 ns, Total: 7454421 ns
[2023-07-16T13:04:05.556+0000][64][info ][gc,start    ] GC(1) Pause Young (Normal) (G1 Evacuation Pause)
[2023-07-16T13:04:05.556+0000][64][info ][gc,task     ] GC(1) Using 6 workers of 6 for evacuation
[2023-07-16T13:04:05.556+0000][64][debug][gc,age      ] GC(1) Desired survivor size 8388608 bytes, new threshold 15 (max threshold 15)
[2023-07-16T13:04:05.580+0000][64][info ][gc,phases   ] GC(1)   Pre Evacuate Collection Set: 0.2ms
[2023-07-16T13:04:05.580+0000][64][info ][gc,phases   ] GC(1)   Merge Heap Roots: 0.1ms
[2023-07-16T13:04:05.580+0000][64][info ][gc,phases   ] GC(1)   Evacuate Collection Set: 22.6ms
[2023-07-16T13:04:05.580+0000][64][info ][gc,phases   ] GC(1)   Post Evacuate Collection Set: 1.3ms
[2023-07-16T13:04:05.580+0000][64][info ][gc,phases   ] GC(1)   Other: 0.1ms
[2023-07-16T13:04:05.580+0000][64][trace][gc,age      ] GC(1) Age table with threshold 15 (max threshold 15)
[2023-07-16T13:04:05.580+0000][64][trace][gc,age      ] GC(1) - age   1:    2769384 bytes,    2769384 total
[2023-07-16T13:04:05.580+0000][64][trace][gc,age      ] GC(1) - age   2:    7391616 bytes,   10161000 total
[2023-07-16T13:04:05.580+0000][64][info ][gc,heap     ] GC(1) Eden regions: 22->0(25)
[2023-07-16T13:04:05.580+0000][64][info ][gc,heap     ] GC(1) Survivor regions: 3->3(4)
[2023-07-16T13:04:05.580+0000][64][info ][gc,heap     ] GC(1) Old regions: 0->0
[2023-07-16T13:04:05.580+0000][64][info ][gc,heap     ] GC(1) Archive regions: 2->2
[2023-07-16T13:04:05.580+0000][64][info ][gc,heap     ] GC(1) Humongous regions: 0->0
[2023-07-16T13:04:05.580+0000][64][info ][gc,metaspace] GC(1) Metaspace: 17564K(18048K)->17564K(18048K) NonClass: 15543K(15808K)->15543K(15808K) Class: 2020K(2240K)->2020K(2240K)
[2023-07-16T13:04:05.580+0000][64][info ][gc          ] GC(1) Pause Young (Normal) (G1 Evacuation Pause) 100M->14M(2048M) 24.451ms
[2023-07-16T13:04:05.580+0000][64][info ][gc,cpu      ] GC(1) User=0.02s Sys=0.01s Real=0.02s
[2023-07-16T13:04:05.580+0000][64][info ][safepoint   ] Safepoint "G1CollectForAllocation", Time since last: 29883967 ns, Reaching safepoint: 4903 ns, Cleanup: 69594 ns, At safepoint: 24503801 ns, Total: 24578298 ns
[2023-07-16T13:04:06.243+0000][64][info ][gc,start    ] GC(2) Pause Young (Concurrent Start) (Metadata GC Threshold)
[2023-07-16T13:04:06.243+0000][64][info ][gc,task     ] GC(2) Using 6 workers of 6 for evacuation
[2023-07-16T13:04:06.243+0000][64][debug][gc,age      ] GC(2) Desired survivor size 8388608 bytes, new threshold 2 (max threshold 15)
[2023-07-16T13:04:06.255+0000][64][info ][gc,phases   ] GC(2)   Pre Evacuate Collection Set: 0.2ms
[2023-07-16T13:04:06.256+0000][64][info ][gc,phases   ] GC(2)   Merge Heap Roots: 0.0ms
[2023-07-16T13:04:06.256+0000][64][info ][gc,phases   ] GC(2)   Evacuate Collection Set: 10.2ms
[2023-07-16T13:04:06.256+0000][64][info ][gc,phases   ] GC(2)   Post Evacuate Collection Set: 0.9ms
[2023-07-16T13:04:06.256+0000][64][info ][gc,phases   ] GC(2)   Other: 0.1ms
[2023-07-16T13:04:06.256+0000][64][trace][gc,age      ] GC(2) Age table with threshold 2 (max threshold 15)
[2023-07-16T13:04:06.256+0000][64][trace][gc,age      ] GC(2) - age   1:    1271968 bytes,    1271968 total
[2023-07-16T13:04:06.256+0000][64][trace][gc,age      ] GC(2) - age   2:    2413632 bytes,    3685600 total
[2023-07-16T13:04:06.256+0000][64][info ][gc,heap     ] GC(2) Eden regions: 25->0(98)
[2023-07-16T13:04:06.256+0000][64][info ][gc,heap     ] GC(2) Survivor regions: 3->1(4)
[2023-07-16T13:04:06.256+0000][64][info ][gc,heap     ] GC(2) Old regions: 0->2
[2023-07-16T13:04:06.256+0000][64][info ][gc,heap     ] GC(2) Archive regions: 2->2
[2023-07-16T13:04:06.256+0000][64][info ][gc,heap     ] GC(2) Humongous regions: 0->0
[2023-07-16T13:04:06.256+0000][64][info ][gc,metaspace] GC(2) Metaspace: 21017K(21504K)->21017K(21504K) NonClass: 18647K(18880K)->18647K(18880K) Class: 2369K(2624K)->2369K(2624K)
[2023-07-16T13:04:06.256+0000][64][info ][gc          ] GC(2) Pause Young (Concurrent Start) (Metadata GC Threshold) 112M->15M(2048M) 12.682ms
[2023-07-16T13:04:06.256+0000][64][info ][gc,cpu      ] GC(2) User=0.01s Sys=0.00s Real=0.02s
[2023-07-16T13:04:06.256+0000][64][info ][gc          ] GC(3) Concurrent Mark Cycle
[2023-07-16T13:04:06.256+0000][64][info ][gc,marking  ] GC(3) Concurrent Scan Root Regions
[2023-07-16T13:04:06.256+0000][64][info ][safepoint   ] Safepoint "CollectForMetadataAllocation", Time since last: 662570718 ns, Reaching safepoint: 4347 ns, Cleanup: 102154 ns, At safepoint: 12983918 ns, Total: 13090419 ns
[2023-07-16T13:04:06.294+0000][64][info ][safepoint   ] Safepoint "CollectForMetadataAllocation", Time since last: 37867196 ns, Reaching safepoint: 6346 ns, Cleanup: 79879 ns, At safepoint: 106667 ns, Total: 192892 ns
[2023-07-16T13:04:06.298+0000][64][info ][gc,marking  ] GC(3) Concurrent Scan Root Regions 41.670ms
[2023-07-16T13:04:06.298+0000][64][info ][gc,marking  ] GC(3) Concurrent Mark
[2023-07-16T13:04:06.298+0000][64][info ][gc,marking  ] GC(3) Concurrent Mark From Roots
[2023-07-16T13:04:06.298+0000][64][info ][gc,task     ] GC(3) Using 2 workers of 2 for marking
[2023-07-16T13:04:06.310+0000][64][info ][gc,marking  ] GC(3) Concurrent Mark From Roots 12.636ms
[2023-07-16T13:04:06.310+0000][64][info ][gc,marking  ] GC(3) Concurrent Preclean
[2023-07-16T13:04:06.310+0000][64][info ][gc,marking  ] GC(3) Concurrent Preclean 0.009ms
[2023-07-16T13:04:06.311+0000][64][info ][gc,start    ] GC(3) Pause Remark
[2023-07-16T13:04:06.337+0000][64][info ][gc          ] GC(3) Pause Remark 17M->17M(2048M) 26.411ms
[2023-07-16T13:04:06.337+0000][64][info ][gc,cpu      ] GC(3) User=0.01s Sys=0.01s Real=0.03s
[2023-07-16T13:04:06.337+0000][64][info ][safepoint   ] Safepoint "G1PauseRemark", Time since last: 16206164 ns, Reaching safepoint: 172768 ns, Cleanup: 61646 ns, At safepoint: 26563168 ns, Total: 26797582 ns
[2023-07-16T13:04:06.337+0000][64][info ][gc,marking  ] GC(3) Concurrent Mark 39.549ms
[2023-07-16T13:04:06.337+0000][64][info ][gc,marking  ] GC(3) Concurrent Rebuild Remembered Sets and Scrub Regions
[2023-07-16T13:04:06.342+0000][64][info ][gc,marking  ] GC(3) Concurrent Rebuild Remembered Sets and Scrub Regions 4.417ms
[2023-07-16T13:04:06.355+0000][64][info ][gc,start    ] GC(3) Pause Cleanup
[2023-07-16T13:04:06.356+0000][64][info ][gc          ] GC(3) Pause Cleanup 17M->17M(2048M) 0.341ms
[2023-07-16T13:04:06.356+0000][64][info ][gc,cpu      ] GC(3) User=0.00s Sys=0.00s Real=0.00s
[2023-07-16T13:04:06.356+0000][64][info ][safepoint   ] Safepoint "G1PauseCleanup", Time since last: 4566453 ns, Reaching safepoint: 13526820 ns, Cleanup: 166510 ns, At safepoint: 433055 ns, Total: 14126385 ns
[2023-07-16T13:04:06.356+0000][64][info ][gc,marking  ] GC(3) Concurrent Clear Claimed Marks
[2023-07-16T13:04:06.356+0000][64][info ][gc,marking  ] GC(3) Concurrent Clear Claimed Marks 0.047ms
[2023-07-16T13:04:06.356+0000][64][info ][gc,marking  ] GC(3) Concurrent Cleanup for Next Mark
[2023-07-16T13:04:06.358+0000][64][info ][gc,marking  ] GC(3) Concurrent Cleanup for Next Mark 2.363ms
[2023-07-16T13:04:06.358+0000][64][info ][gc          ] GC(3) Concurrent Mark Cycle 102.476ms
[2023-07-16T13:04:07.379+0000][64][info ][safepoint   ] Safepoint "ICBufferFull", Time since last: 1023344045 ns, Reaching safepoint: 4658 ns, Cleanup: 147584 ns, At safepoint: 4677 ns, Total: 156919 ns
[2023-07-16T13:04:08.381+0000][64][info ][safepoint   ] Safepoint "Cleanup", Time since last: 1000267616 ns, Reaching safepoint: 939533 ns, Cleanup: 198162 ns, At safepoint: 46946 ns, Total: 1184641 ns
[2023-07-16T13:04:08.619+0000][64][info ][gc,start    ] GC(4) Pause Young (Normal) (G1 Evacuation Pause)
[2023-07-16T13:04:08.619+0000][64][info ][gc,task     ] GC(4) Using 6 workers of 6 for evacuation
[2023-07-16T13:04:08.619+0000][64][debug][gc,age      ] GC(4) Desired survivor size 27262976 bytes, new threshold 15 (max threshold 15)
[2023-07-16T13:04:08.633+0000][64][info ][gc,phases   ] GC(4)   Pre Evacuate Collection Set: 0.2ms
[2023-07-16T13:04:08.633+0000][64][info ][gc,phases   ] GC(4)   Merge Heap Roots: 0.1ms
[2023-07-16T13:04:08.633+0000][64][info ][gc,phases   ] GC(4)   Evacuate Collection Set: 12.6ms
[2023-07-16T13:04:08.633+0000][64][info ][gc,phases   ] GC(4)   Post Evacuate Collection Set: 1.2ms
[2023-07-16T13:04:08.633+0000][64][info ][gc,phases   ] GC(4)   Other: 0.1ms
[2023-07-16T13:04:08.633+0000][64][trace][gc,age      ] GC(4) Age table with threshold 15 (max threshold 15)
[2023-07-16T13:04:08.633+0000][64][trace][gc,age      ] GC(4) - age   1:    8182168 bytes,    8182168 total
[2023-07-16T13:04:08.633+0000][64][trace][gc,age      ] GC(4) - age   2:    1187912 bytes,    9370080 total
[2023-07-16T13:04:08.633+0000][64][trace][gc,age      ] GC(4) - age   3:    2410352 bytes,   11780432 total
[2023-07-16T13:04:08.633+0000][64][info ][gc,heap     ] GC(4) Eden regions: 98->0(116)
[2023-07-16T13:04:08.633+0000][64][info ][gc,heap     ] GC(4) Survivor regions: 1->3(13)
[2023-07-16T13:04:08.633+0000][64][info ][gc,heap     ] GC(4) Old regions: 2->2
[2023-07-16T13:04:08.633+0000][64][info ][gc,heap     ] GC(4) Archive regions: 2->2
[2023-07-16T13:04:08.633+0000][64][info ][gc,heap     ] GC(4) Humongous regions: 0->0
[2023-07-16T13:04:08.633+0000][64][info ][gc,metaspace] GC(4) Metaspace: 25911K(26560K)->25911K(26560K) NonClass: 22874K(23232K)->22874K(23232K) Class: 3036K(3328K)->3036K(3328K)
[2023-07-16T13:04:08.633+0000][64][info ][gc          ] GC(4) Pause Young (Normal) (G1 Evacuation Pause) 407M->23M(2048M) 14.845ms
[2023-07-16T13:04:08.633+0000][64][info ][gc,cpu      ] GC(4) User=0.02s Sys=0.01s Real=0.01s
[2023-07-16T13:04:08.634+0000][64][info ][safepoint   ] Safepoint "G1CollectForAllocation", Time since last: 237655182 ns, Reaching safepoint: 6387 ns, Cleanup: 141815 ns, At safepoint: 14940640 ns, Total: 15088842 ns
[2023-07-16T13:04:10.360+0000][64][info ][safepoint   ] Safepoint "Cleanup", Time since last: 1716196277 ns, Reaching safepoint: 1791202 ns, Cleanup: 8266103 ns, At safepoint: 128795 ns, Total: 10186100 ns
[2023-07-16T13:04:10.774+0000][64][info ][gc,start    ] GC(5) Pause Young (Normal) (G1 Evacuation Pause)
[2023-07-16T13:04:10.774+0000][64][info ][gc,task     ] GC(5) Using 6 workers of 6 for evacuation
[2023-07-16T13:04:10.774+0000][64][debug][gc,age      ] GC(5) Desired survivor size 31457280 bytes, new threshold 15 (max threshold 15)
[2023-07-16T13:04:10.785+0000][64][info ][gc,phases   ] GC(5)   Pre Evacuate Collection Set: 0.2ms
[2023-07-16T13:04:10.785+0000][64][info ][gc,phases   ] GC(5)   Merge Heap Roots: 0.1ms
[2023-07-16T13:04:10.785+0000][64][info ][gc,phases   ] GC(5)   Evacuate Collection Set: 8.9ms
[2023-07-16T13:04:10.785+0000][64][info ][gc,phases   ] GC(5)   Post Evacuate Collection Set: 1.4ms
[2023-07-16T13:04:10.785+0000][64][info ][gc,phases   ] GC(5)   Other: 0.2ms
[2023-07-16T13:04:10.785+0000][64][trace][gc,age      ] GC(5) Age table with threshold 15 (max threshold 15)
[2023-07-16T13:04:10.785+0000][64][trace][gc,age      ] GC(5) - age   1:    8369856 bytes,    8369856 total
[2023-07-16T13:04:10.785+0000][64][trace][gc,age      ] GC(5) - age   2:    7444688 bytes,   15814544 total
[2023-07-16T13:04:10.785+0000][64][trace][gc,age      ] GC(5) - age   3:    1187688 bytes,   17002232 total
[2023-07-16T13:04:10.785+0000][64][trace][gc,age      ] GC(5) - age   4:    2405976 bytes,   19408208 total
[2023-07-16T13:04:10.785+0000][64][info ][gc,heap     ] GC(5) Eden regions: 116->0(302)
[2023-07-16T13:04:10.785+0000][64][info ][gc,heap     ] GC(5) Survivor regions: 3->5(15)
[2023-07-16T13:04:10.785+0000][64][info ][gc,heap     ] GC(5) Old regions: 2->2
[2023-07-16T13:04:10.785+0000][64][info ][gc,heap     ] GC(5) Archive regions: 2->2
[2023-07-16T13:04:10.785+0000][64][info ][gc,heap     ] GC(5) Humongous regions: 0->0
[2023-07-16T13:04:10.785+0000][64][info ][gc,metaspace] GC(5) Metaspace: 32910K(33728K)->32910K(33728K) NonClass: 29075K(29568K)->29075K(29568K) Class: 3835K(4160K)->3835K(4160K)
[2023-07-16T13:04:10.785+0000][64][info ][gc          ] GC(5) Pause Young (Normal) (G1 Evacuation Pause) 487M->31M(2048M) 11.008ms
[2023-07-16T13:04:10.785+0000][64][info ][gc,cpu      ] GC(5) User=0.03s Sys=0.00s Real=0.01s
[2023-07-16T13:04:10.785+0000][64][info ][safepoint   ] Safepoint "G1CollectForAllocation", Time since last: 413626654 ns, Reaching safepoint: 174341 ns, Cleanup: 211827 ns, At safepoint: 11134894 ns, Total: 11521062 ns
[2023-07-16T13:04:11.788+0000][64][info ][safepoint   ] Safepoint "Cleanup", Time since last: 1001695860 ns, Reaching safepoint: 998029 ns, Cleanup: 146770 ns, At safepoint: 9291 ns, Total: 1154090 ns
[2023-07-16T13:04:12.154+0000][64][info ][gc,start    ] GC(6) Pause Young (Concurrent Start) (Metadata GC Threshold)
[2023-07-16T13:04:12.154+0000][64][info ][gc,task     ] GC(6) Using 6 workers of 6 for evacuation
[2023-07-16T13:04:12.154+0000][64][debug][gc,age      ] GC(6) Desired survivor size 81788928 bytes, new threshold 15 (max threshold 15)
[2023-07-16T13:04:12.229+0000][64][info ][gc,phases   ] GC(6)   Pre Evacuate Collection Set: 8.7ms
[2023-07-16T13:04:12.229+0000][64][info ][gc,phases   ] GC(6)   Merge Heap Roots: 3.4ms
[2023-07-16T13:04:12.229+0000][64][info ][gc,phases   ] GC(6)   Evacuate Collection Set: 45.7ms
[2023-07-16T13:04:12.229+0000][64][info ][gc,phases   ] GC(6)   Post Evacuate Collection Set: 14.3ms
[2023-07-16T13:04:12.229+0000][64][info ][gc,phases   ] GC(6)   Other: 2.9ms
[2023-07-16T13:04:12.229+0000][64][trace][gc,age      ] GC(6) Age table with threshold 15 (max threshold 15)
[2023-07-16T13:04:12.229+0000][64][trace][gc,age      ] GC(6) - age   1:    4822096 bytes,    4822096 total
[2023-07-16T13:04:12.229+0000][64][trace][gc,age      ] GC(6) - age   2:    8117848 bytes,   12939944 total
[2023-07-16T13:04:12.229+0000][64][trace][gc,age      ] GC(6) - age   3:    7426568 bytes,   20366512 total
[2023-07-16T13:04:12.229+0000][64][trace][gc,age      ] GC(6) - age   4:    1183568 bytes,   21550080 total
[2023-07-16T13:04:12.229+0000][64][trace][gc,age      ] GC(6) - age   5:    2261208 bytes,   23811288 total
[2023-07-16T13:04:12.229+0000][64][info ][gc,heap     ] GC(6) Eden regions: 94->0(300)
[2023-07-16T13:04:12.229+0000][64][info ][gc,heap     ] GC(6) Survivor regions: 5->7(39)
[2023-07-16T13:04:12.229+0000][64][info ][gc,heap     ] GC(6) Old regions: 2->2
[2023-07-16T13:04:12.229+0000][64][info ][gc,heap     ] GC(6) Archive regions: 2->2
[2023-07-16T13:04:12.229+0000][64][info ][gc,heap     ] GC(6) Humongous regions: 0->0
[2023-07-16T13:04:12.229+0000][64][info ][gc,metaspace] GC(6) Metaspace: 35932K(36736K)->35932K(36736K) NonClass: 31713K(32192K)->31713K(32192K) Class: 4218K(4544K)->4218K(4544K)
[2023-07-16T13:04:12.229+0000][64][info ][gc          ] GC(6) Pause Young (Concurrent Start) (Metadata GC Threshold) 405M->36M(2048M) 75.180ms
[2023-07-16T13:04:12.229+0000][64][info ][gc,cpu      ] GC(6) User=0.04s Sys=0.00s Real=0.07s
[2023-07-16T13:04:12.229+0000][64][info ][safepoint   ] Safepoint "CollectForMetadataAllocation", Time since last: 366062987 ns, Reaching safepoint: 7449 ns, Cleanup: 113429 ns, At safepoint: 75344244 ns, Total: 75465122 ns
[2023-07-16T13:04:12.229+0000][64][info ][gc          ] GC(7) Concurrent Mark Cycle
[2023-07-16T13:04:12.229+0000][64][info ][gc,marking  ] GC(7) Concurrent Scan Root Regions
[2023-07-16T13:04:12.243+0000][64][info ][gc,marking  ] GC(7) Concurrent Scan Root Regions 14.008ms
[2023-07-16T13:04:12.244+0000][64][info ][gc,marking  ] GC(7) Concurrent Mark
[2023-07-16T13:04:12.244+0000][64][info ][gc,marking  ] GC(7) Concurrent Mark From Roots
[2023-07-16T13:04:12.244+0000][64][info ][gc,task     ] GC(7) Using 2 workers of 2 for marking
[2023-07-16T13:04:12.267+0000][64][info ][gc,marking  ] GC(7) Concurrent Mark From Roots 22.998ms
[2023-07-16T13:04:12.267+0000][64][info ][gc,marking  ] GC(7) Concurrent Preclean
[2023-07-16T13:04:12.267+0000][64][info ][gc,marking  ] GC(7) Concurrent Preclean 0.099ms
[2023-07-16T13:04:12.269+0000][64][info ][gc,start    ] GC(7) Pause Remark
[2023-07-16T13:04:12.301+0000][64][info ][gc          ] GC(7) Pause Remark 40M->40M(2048M) 32.681ms
[2023-07-16T13:04:12.301+0000][64][info ][gc,cpu      ] GC(7) User=0.02s Sys=0.01s Real=0.03s
[2023-07-16T13:04:12.301+0000][64][info ][safepoint   ] Safepoint "G1PauseRemark", Time since last: 37293723 ns, Reaching safepoint: 1725342 ns, Cleanup: 123280 ns, At safepoint: 32812243 ns, Total: 34660865 ns
[2023-07-16T13:04:12.301+0000][64][info ][gc,marking  ] GC(7) Concurrent Mark 57.912ms
[2023-07-16T13:04:12.301+0000][64][info ][gc,marking  ] GC(7) Concurrent Rebuild Remembered Sets and Scrub Regions
[2023-07-16T13:04:12.312+0000][64][info ][gc,marking  ] GC(7) Concurrent Rebuild Remembered Sets and Scrub Regions 10.399ms
[2023-07-16T13:04:12.317+0000][64][info ][gc,start    ] GC(7) Pause Cleanup
[2023-07-16T13:04:12.317+0000][64][info ][gc          ] GC(7) Pause Cleanup 40M->40M(2048M) 0.215ms
[2023-07-16T13:04:12.317+0000][64][info ][gc,cpu      ] GC(7) User=0.00s Sys=0.00s Real=0.00s
[2023-07-16T13:04:12.317+0000][64][info ][safepoint   ] Safepoint "G1PauseCleanup", Time since last: 10566606 ns, Reaching safepoint: 4708768 ns, Cleanup: 219844 ns, At safepoint: 283221 ns, Total: 5211833 ns
[2023-07-16T13:04:12.317+0000][64][info ][gc,marking  ] GC(7) Concurrent Clear Claimed Marks
[2023-07-16T13:04:12.317+0000][64][info ][gc,marking  ] GC(7) Concurrent Clear Claimed Marks 0.068ms
[2023-07-16T13:04:12.317+0000][64][info ][gc,marking  ] GC(7) Concurrent Cleanup for Next Mark
[2023-07-16T13:04:12.319+0000][64][info ][gc,marking  ] GC(7) Concurrent Cleanup for Next Mark 2.127ms
[2023-07-16T13:04:12.319+0000][64][info ][gc          ] GC(7) Concurrent Mark Cycle 89.988ms
[2023-07-16T13:04:13.319+0000][64][info ][safepoint   ] Safepoint "Cleanup", Time since last: 1000266742 ns, Reaching safepoint: 978471 ns, Cleanup: 153558 ns, At safepoint: 33321 ns, Total: 1165350 ns
[2023-07-16T13:04:14.379+0000][64][info ][safepoint   ] Safepoint "Cleanup", Time since last: 1054105331 ns, Reaching safepoint: 3376618 ns, Cleanup: 2605498 ns, At safepoint: 25025 ns, Total: 6007141 ns
[2023-07-16T13:04:15.399+0000][64][info ][safepoint   ] Safepoint "Cleanup", Time since last: 1004029317 ns, Reaching safepoint: 15658516 ns, Cleanup: 506629 ns, At safepoint: 59664 ns, Total: 16224809 ns
[2023-07-16T13:04:16.403+0000][64][info ][safepoint   ] Safepoint "Cleanup", Time since last: 1003124048 ns, Reaching safepoint: 968177 ns, Cleanup: 87409 ns, At safepoint: 17721 ns, Total: 1073307 ns
[2023-07-16T13:04:17.404+0000][64][info ][safepoint   ] Safepoint "Cleanup", Time since last: 1000318687 ns, Reaching safepoint: 121254 ns, Cleanup: 115472 ns, At safepoint: 27710 ns, Total: 264436 ns
[2023-07-16T13:04:18.411+0000][64][info ][safepoint   ] Safepoint "ICBufferFull", Time since last: 1007523506 ns, Reaching safepoint: 6192 ns, Cleanup: 162712 ns, At safepoint: 31583 ns, Total: 200487 ns
[2023-07-16T13:04:19.453+0000][64][info ][gc,start    ] GC(8) Pause Young (Concurrent Start) (Metadata GC Threshold)
[2023-07-16T13:04:19.453+0000][64][info ][gc,task     ] GC(8) Using 6 workers of 6 for evacuation
[2023-07-16T13:04:19.453+0000][64][debug][gc,age      ] GC(8) Desired survivor size 81788928 bytes, new threshold 15 (max threshold 15)
[2023-07-16T13:04:19.541+0000][64][info ][gc,phases   ] GC(8)   Pre Evacuate Collection Set: 0.2ms
[2023-07-16T13:04:19.541+0000][64][info ][gc,phases   ] GC(8)   Merge Heap Roots: 0.1ms
[2023-07-16T13:04:19.541+0000][64][info ][gc,phases   ] GC(8)   Evacuate Collection Set: 74.0ms
[2023-07-16T13:04:19.541+0000][64][info ][gc,phases   ] GC(8)   Post Evacuate Collection Set: 9.1ms
[2023-07-16T13:04:19.541+0000][64][info ][gc,phases   ] GC(8)   Other: 4.8ms
[2023-07-16T13:04:19.542+0000][64][trace][gc,age      ] GC(8) Age table with threshold 15 (max threshold 15)
[2023-07-16T13:04:19.542+0000][64][trace][gc,age      ] GC(8) - age   1:   25292600 bytes,   25292600 total
[2023-07-16T13:04:19.542+0000][64][trace][gc,age      ] GC(8) - age   2:    4726688 bytes,   30019288 total
[2023-07-16T13:04:19.542+0000][64][trace][gc,age      ] GC(8) - age   3:    8078112 bytes,   38097400 total
[2023-07-16T13:04:19.542+0000][64][trace][gc,age      ] GC(8) - age   4:    7393000 bytes,   45490400 total
[2023-07-16T13:04:19.542+0000][64][trace][gc,age      ] GC(8) - age   5:    1177912 bytes,   46668312 total
[2023-07-16T13:04:19.542+0000][64][trace][gc,age      ] GC(8) - age   6:    2254184 bytes,   48922496 total
[2023-07-16T13:04:19.542+0000][64][info ][gc,heap     ] GC(8) Eden regions: 116->0(294)
[2023-07-16T13:04:19.542+0000][64][info ][gc,heap     ] GC(8) Survivor regions: 7->13(39)
[2023-07-16T13:04:19.542+0000][64][info ][gc,heap     ] GC(8) Old regions: 2->2
[2023-07-16T13:04:19.542+0000][64][info ][gc,heap     ] GC(8) Archive regions: 2->2
[2023-07-16T13:04:19.542+0000][64][info ][gc,heap     ] GC(8) Humongous regions: 0->0
[2023-07-16T13:04:19.542+0000][64][info ][gc,metaspace] GC(8) Metaspace: 60277K(61696K)->60277K(61696K) NonClass: 52559K(53376K)->52559K(53376K) Class: 7718K(8320K)->7718K(8320K)
[2023-07-16T13:04:19.542+0000][64][info ][gc          ] GC(8) Pause Young (Concurrent Start) (Metadata GC Threshold) 500M->61M(2048M) 88.662ms
[2023-07-16T13:04:19.542+0000][64][info ][gc,cpu      ] GC(8) User=0.10s Sys=0.01s Real=0.09s
[2023-07-16T13:04:19.546+0000][64][info ][safepoint   ] Safepoint "CollectForMetadataAllocation", Time since last: 1041488944 ns, Reaching safepoint: 4684 ns, Cleanup: 103979 ns, At safepoint: 92616921 ns, Total: 92725584 ns
[2023-07-16T13:04:19.546+0000][64][info ][gc          ] GC(9) Concurrent Mark Cycle
[2023-07-16T13:04:19.546+0000][64][info ][gc,marking  ] GC(9) Concurrent Scan Root Regions
[2023-07-16T13:04:19.605+0000][64][info ][safepoint   ] Safepoint "CollectForMetadataAllocation", Time since last: 58889303 ns, Reaching safepoint: 4484 ns, Cleanup: 92787 ns, At safepoint: 72353 ns, Total: 169624 ns
[2023-07-16T13:04:19.622+0000][64][info ][gc,marking  ] GC(9) Concurrent Scan Root Regions 76.458ms
[2023-07-16T13:04:19.623+0000][64][info ][gc,marking  ] GC(9) Concurrent Mark
[2023-07-16T13:04:19.623+0000][64][info ][gc,marking  ] GC(9) Concurrent Mark From Roots
[2023-07-16T13:04:19.623+0000][64][info ][gc,task     ] GC(9) Using 2 workers of 2 for marking
[2023-07-16T13:04:19.627+0000][64][info ][gc,marking  ] GC(9) Concurrent Mark From Roots 4.146ms
[2023-07-16T13:04:19.627+0000][64][info ][gc,marking  ] GC(9) Concurrent Preclean
[2023-07-16T13:04:19.627+0000][64][info ][gc,marking  ] GC(9) Concurrent Preclean 0.045ms
[2023-07-16T13:04:19.629+0000][64][info ][gc,start    ] GC(9) Pause Remark
[2023-07-16T13:04:19.656+0000][64][info ][gc          ] GC(9) Pause Remark 67M->67M(2048M) 27.033ms
[2023-07-16T13:04:19.656+0000][64][info ][gc,cpu      ] GC(9) User=0.01s Sys=0.00s Real=0.03s
[2023-07-16T13:04:19.656+0000][64][info ][safepoint   ] Safepoint "G1PauseRemark", Time since last: 22077128 ns, Reaching safepoint: 2089414 ns, Cleanup: 77638 ns, At safepoint: 27130957 ns, Total: 29298009 ns
[2023-07-16T13:04:19.658+0000][64][info ][gc,marking  ] GC(9) Concurrent Mark 35.897ms
[2023-07-16T13:04:19.658+0000][64][info ][gc,marking  ] GC(9) Concurrent Rebuild Remembered Sets and Scrub Regions
[2023-07-16T13:04:19.662+0000][64][info ][gc,marking  ] GC(9) Concurrent Rebuild Remembered Sets and Scrub Regions 3.413ms
[2023-07-16T13:04:19.667+0000][64][info ][gc,start    ] GC(9) Pause Cleanup
[2023-07-16T13:04:19.670+0000][64][info ][gc          ] GC(9) Pause Cleanup 67M->67M(2048M) 3.886ms
[2023-07-16T13:04:19.670+0000][64][info ][gc,cpu      ] GC(9) User=0.00s Sys=0.00s Real=0.00s
[2023-07-16T13:04:19.671+0000][64][info ][safepoint   ] Safepoint "G1PauseCleanup", Time since last: 5821079 ns, Reaching safepoint: 5051 ns, Cleanup: 4560356 ns, At safepoint: 4002338 ns, Total: 8567745 ns
[2023-07-16T13:04:19.671+0000][64][info ][gc,marking  ] GC(9) Concurrent Clear Claimed Marks
[2023-07-16T13:04:19.671+0000][64][info ][gc,marking  ] GC(9) Concurrent Clear Claimed Marks 0.097ms
[2023-07-16T13:04:19.671+0000][64][info ][gc,marking  ] GC(9) Concurrent Cleanup for Next Mark
[2023-07-16T13:04:19.672+0000][64][info ][gc,marking  ] GC(9) Concurrent Cleanup for Next Mark 1.772ms
[2023-07-16T13:04:19.672+0000][64][info ][gc          ] GC(9) Concurrent Mark Cycle 126.548ms
[2023-07-16T13:04:20.672+0000][64][info ][safepoint   ] Safepoint "Cleanup", Time since last: 1000467280 ns, Reaching safepoint: 987849 ns, Cleanup: 217399 ns, At safepoint: 11409 ns, Total: 1216657 ns
[2023-07-16T13:04:21.679+0000][64][info ][safepoint   ] Safepoint "Cleanup", Time since last: 1000394952 ns, Reaching safepoint: 6005873 ns, Cleanup: 100357 ns, At safepoint: 20579 ns, Total: 6126809 ns
[2023-07-16T13:04:22.687+0000][64][info ][safepoint   ] Safepoint "Cleanup", Time since last: 1007220729 ns, Reaching safepoint: 968923 ns, Cleanup: 94356 ns, At safepoint: 29870 ns, Total: 1093149 ns
[2023-07-16T13:04:24.030+0000][64][info ][safepoint   ] Safepoint "Cleanup", Time since last: 1342912235 ns, Reaching safepoint: 4314 ns, Cleanup: 195753 ns, At safepoint: 21202 ns, Total: 221269 ns
[2023-07-16T13:04:25.133+0000][64][info ][safepoint   ] Safepoint "Cleanup", Time since last: 1100828910 ns, Reaching safepoint: 1659822 ns, Cleanup: 192641 ns, At safepoint: 220708 ns, Total: 2073171 ns
[2023-07-16T13:04:26.577+0000][64][info ][safepoint   ] Safepoint "Cleanup", Time since last: 1442825597 ns, Reaching safepoint: 951993 ns, Cleanup: 130292 ns, At safepoint: 29540 ns, Total: 1111825 ns
[2023-07-16T13:04:27.582+0000][64][info ][safepoint   ] Safepoint "Cleanup", Time since last: 1001275087 ns, Reaching safepoint: 3978764 ns, Cleanup: 94547 ns, At safepoint: 16150 ns, Total: 4089461 ns
[2023-07-16T13:04:28.879+0000][64][info ][safepoint   ] Safepoint "ICBufferFull", Time since last: 1296438348 ns, Reaching safepoint: 5201 ns, Cleanup: 120520 ns, At safepoint: 2480 ns, Total: 128201 ns
[2023-07-16T13:04:29.112+0000][64][info ][gc,start    ] GC(10) Pause Young (Concurrent Start) (Metadata GC Threshold)
[2023-07-16T13:04:29.112+0000][64][info ][gc,task     ] GC(10) Using 6 workers of 6 for evacuation
[2023-07-16T13:04:29.112+0000][64][debug][gc,age      ] GC(10) Desired survivor size 81788928 bytes, new threshold 15 (max threshold 15)
[2023-07-16T13:04:29.350+0000][64][info ][gc,mmu      ] GC(10) MMU target violated: 201.0ms (200.0ms/201.0ms)
[2023-07-16T13:04:29.350+0000][64][info ][gc,phases   ] GC(10)   Pre Evacuate Collection Set: 0.3ms
[2023-07-16T13:04:29.350+0000][64][info ][gc,phases   ] GC(10)   Merge Heap Roots: 0.1ms
[2023-07-16T13:04:29.350+0000][64][info ][gc,phases   ] GC(10)   Evacuate Collection Set: 197.2ms
[2023-07-16T13:04:29.350+0000][64][info ][gc,phases   ] GC(10)   Post Evacuate Collection Set: 40.0ms
[2023-07-16T13:04:29.350+0000][64][info ][gc,phases   ] GC(10)   Other: 0.2ms
[2023-07-16T13:04:29.350+0000][64][trace][gc,age      ] GC(10) Age table with threshold 15 (max threshold 15)
[2023-07-16T13:04:29.350+0000][64][trace][gc,age      ] GC(10) - age   1:   18377848 bytes,   18377848 total
[2023-07-16T13:04:29.350+0000][64][trace][gc,age      ] GC(10) - age   2:   24635144 bytes,   43012992 total
[2023-07-16T13:04:29.350+0000][64][trace][gc,age      ] GC(10) - age   3:    4671960 bytes,   47684952 total
[2023-07-16T13:04:29.350+0000][64][trace][gc,age      ] GC(10) - age   4:    8046784 bytes,   55731736 total
[2023-07-16T13:04:29.350+0000][64][trace][gc,age      ] GC(10) - age   5:    7374488 bytes,   63106224 total
[2023-07-16T13:04:29.350+0000][64][trace][gc,age      ] GC(10) - age   6:    1171440 bytes,   64277664 total
[2023-07-16T13:04:29.350+0000][64][trace][gc,age      ] GC(10) - age   7:    2248088 bytes,   66525752 total
[2023-07-16T13:04:29.350+0000][64][info ][gc,heap     ] GC(10) Eden regions: 144->0(77)
[2023-07-16T13:04:29.350+0000][64][info ][gc,heap     ] GC(10) Survivor regions: 13->17(39)
[2023-07-16T13:04:29.350+0000][64][info ][gc,heap     ] GC(10) Old regions: 2->2
[2023-07-16T13:04:29.350+0000][64][info ][gc,heap     ] GC(10) Archive regions: 2->2
[2023-07-16T13:04:29.350+0000][64][info ][gc,heap     ] GC(10) Humongous regions: 0->0
[2023-07-16T13:04:29.350+0000][64][info ][gc,metaspace] GC(10) Metaspace: 101250K(103808K)->101250K(103808K) NonClass: 87742K(89088K)->87742K(89088K) Class: 13508K(14720K)->13508K(14720K)
[2023-07-16T13:04:29.350+0000][64][info ][gc          ] GC(10) Pause Young (Concurrent Start) (Metadata GC Threshold) 635M->77M(2048M) 238.101ms
[2023-07-16T13:04:29.351+0000][64][info ][gc,cpu      ] GC(10) User=0.24s Sys=0.02s Real=0.24s
[2023-07-16T13:04:29.351+0000][64][info ][safepoint   ] Safepoint "CollectForMetadataAllocation", Time since last: 233346683 ns, Reaching safepoint: 5857 ns, Cleanup: 65208 ns, At safepoint: 238325304 ns, Total: 238396369 ns
[2023-07-16T13:04:29.351+0000][64][info ][gc          ] GC(11) Concurrent Mark Cycle
[2023-07-16T13:04:29.351+0000][64][info ][gc,marking  ] GC(11) Concurrent Scan Root Regions
[2023-07-16T13:04:29.416+0000][64][info ][gc,marking  ] GC(11) Concurrent Scan Root Regions 65.391ms
[2023-07-16T13:04:29.416+0000][64][info ][gc,marking  ] GC(11) Concurrent Mark
[2023-07-16T13:04:29.416+0000][64][info ][gc,marking  ] GC(11) Concurrent Mark From Roots
[2023-07-16T13:04:29.416+0000][64][info ][gc,task     ] GC(11) Using 2 workers of 2 for marking
[2023-07-16T13:04:29.435+0000][64][info ][gc,marking  ] GC(11) Concurrent Mark From Roots 18.672ms
[2023-07-16T13:04:29.435+0000][64][info ][gc,marking  ] GC(11) Concurrent Preclean
[2023-07-16T13:04:29.435+0000][64][info ][gc,marking  ] GC(11) Concurrent Preclean 0.096ms
[2023-07-16T13:04:29.436+0000][64][info ][gc,start    ] GC(11) Pause Remark
[2023-07-16T13:04:29.456+0000][64][info ][gc          ] GC(11) Pause Remark 81M->81M(2048M) 19.609ms
[2023-07-16T13:04:29.456+0000][64][info ][gc,cpu      ] GC(11) User=0.01s Sys=0.01s Real=0.02s
[2023-07-16T13:04:29.456+0000][64][info ][safepoint   ] Safepoint "G1PauseRemark", Time since last: 84409509 ns, Reaching safepoint: 767338 ns, Cleanup: 66166 ns, At safepoint: 19741043 ns, Total: 20574547 ns
[2023-07-16T13:04:29.456+0000][64][info ][gc,marking  ] GC(11) Concurrent Mark 39.494ms
[2023-07-16T13:04:29.456+0000][64][info ][gc,marking  ] GC(11) Concurrent Rebuild Remembered Sets and Scrub Regions
[2023-07-16T13:04:29.460+0000][64][info ][gc,marking  ] GC(11) Concurrent Rebuild Remembered Sets and Scrub Regions 4.708ms
[2023-07-16T13:04:29.462+0000][64][info ][gc,start    ] GC(11) Pause Cleanup
[2023-07-16T13:04:29.462+0000][64][info ][gc          ] GC(11) Pause Cleanup 81M->81M(2048M) 0.316ms
[2023-07-16T13:04:29.462+0000][64][info ][gc,cpu      ] GC(11) User=0.00s Sys=0.00s Real=0.00s
[2023-07-16T13:04:29.462+0000][64][info ][safepoint   ] Safepoint "G1PauseCleanup", Time since last: 4845971 ns, Reaching safepoint: 1418496 ns, Cleanup: 73537 ns, At safepoint: 396623 ns, Total: 1888656 ns
[2023-07-16T13:04:29.462+0000][64][info ][gc,marking  ] GC(11) Concurrent Clear Claimed Marks
[2023-07-16T13:04:29.463+0000][64][info ][gc,marking  ] GC(11) Concurrent Clear Claimed Marks 0.224ms
[2023-07-16T13:04:29.463+0000][64][info ][gc,marking  ] GC(11) Concurrent Cleanup for Next Mark
[2023-07-16T13:04:29.464+0000][64][info ][gc,marking  ] GC(11) Concurrent Cleanup for Next Mark 1.572ms
[2023-07-16T13:04:29.464+0000][64][info ][gc          ] GC(11) Concurrent Mark Cycle 113.575ms
[2023-07-16T13:04:30.464+0000][64][info ][safepoint   ] Safepoint "Cleanup", Time since last: 1000596417 ns, Reaching safepoint: 1156177 ns, Cleanup: 88202 ns, At safepoint: 10281 ns, Total: 1254660 ns
[2023-07-16T13:04:31.982+0000][64][info ][safepoint   ] Safepoint "Cleanup", Time since last: 1494381368 ns, Reaching safepoint: 23459508 ns, Cleanup: 173237 ns, At safepoint: 64356 ns, Total: 23697101 ns
[2023-07-16T13:04:33.106+0000][64][info ][safepoint   ] Safepoint "ICBufferFull", Time since last: 1109322252 ns, Reaching safepoint: 10108795 ns, Cleanup: 219191 ns, At safepoint: 4087414 ns, Total: 14415400 ns
[2023-07-16T13:04:33.430+0000][64][info ][safepoint   ] Safepoint "ICBufferFull", Time since last: 323330176 ns, Reaching safepoint: 12402 ns, Cleanup: 191970 ns, At safepoint: 12248 ns, Total: 216620 ns
[2023-07-16T13:04:33.541+0000][64][info ][safepoint   ] Safepoint "ICBufferFull", Time since last: 110818048 ns, Reaching safepoint: 8519 ns, Cleanup: 136983 ns, At safepoint: 19909 ns, Total: 165411 ns
[2023-07-16T13:04:33.542+0000][64][info ][safepoint   ] Safepoint "ICBufferFull", Time since last: 125855 ns, Reaching safepoint: 962557 ns, Cleanup: 51521 ns, At safepoint: 33141 ns, Total: 1047219 ns
[2023-07-16T13:04:33.922+0000][64][info ][safepoint   ] Safepoint "ICBufferFull", Time since last: 379085241 ns, Reaching safepoint: 522760 ns, Cleanup: 186256 ns, At safepoint: 29599 ns, Total: 738615 ns
[2023-07-16T13:04:34.660+0000][64][info ][safepoint   ] Safepoint "ICBufferFull", Time since last: 737852604 ns, Reaching safepoint: 9558 ns, Cleanup: 144335 ns, At safepoint: 23517 ns, Total: 177410 ns
[2023-07-16T13:04:35.034+0000][64][info ][safepoint   ] Safepoint "ICBufferFull", Time since last: 374258596 ns, Reaching safepoint: 12351 ns, Cleanup: 199901 ns, At safepoint: 12305 ns, Total: 224557 ns
[2023-07-16T13:04:36.201+0000][64][info ][safepoint   ] Safepoint "Cleanup", Time since last: 1166220289 ns, Reaching safepoint: 8865 ns, Cleanup: 167942 ns, At safepoint: 8751 ns, Total: 185558 ns
[2023-07-16T13:04:37.201+0000][64][info ][safepoint   ] Safepoint "Cleanup", Time since last: 1000248180 ns, Reaching safepoint: 11254 ns, Cleanup: 70568 ns, At safepoint: 6121 ns, Total: 87943 ns
[2023-07-16T13:04:38.201+0000][64][info ][safepoint   ] Safepoint "Cleanup", Time since last: 1000269421 ns, Reaching safepoint: 11184 ns, Cleanup: 121524 ns, At safepoint: 3188 ns, Total: 135896 ns
[2023-07-16T13:04:40.205+0000][64][info ][safepoint   ] Safepoint "Cleanup", Time since last: 2001982442 ns, Reaching safepoint: 1162018 ns, Cleanup: 91815 ns, At safepoint: 23495 ns, Total: 1277328 ns
[2023-07-16T13:04:40.798+0000][64][info ][safepoint   ] Safepoint "ICBufferFull", Time since last: 593227917 ns, Reaching safepoint: 202025 ns, Cleanup: 215902 ns, At safepoint: 32205 ns, Total: 450132 ns
[2023-07-16T13:04:41.422+0000][64][info ][safepoint   ] Safepoint "ICBufferFull", Time since last: 623124765 ns, Reaching safepoint: 9709 ns, Cleanup: 203832 ns, At safepoint: 30839 ns, Total: 244380 ns
[2023-07-16T13:04:41.686+0000][64][info ][safepoint   ] Safepoint "ICBufferFull", Time since last: 263937665 ns, Reaching safepoint: 8735 ns, Cleanup: 125126 ns, At safepoint: 6350 ns, Total: 140211 ns
[2023-07-16T13:04:41.686+0000][64][info ][safepoint   ] Safepoint "ICBufferFull", Time since last: 185716 ns, Reaching safepoint: 582250 ns, Cleanup: 49748 ns, At safepoint: 20900 ns, Total: 652898 ns
[2023-07-16T13:04:41.715+0000][64][info ][gc,start    ] GC(12) Pause Young (Normal) (G1 Evacuation Pause)
[2023-07-16T13:04:41.715+0000][64][info ][gc,task     ] GC(12) Using 6 workers of 6 for evacuation
[2023-07-16T13:04:41.715+0000][64][debug][gc,age      ] GC(12) Desired survivor size 25165824 bytes, new threshold 2 (max threshold 15)
[2023-07-16T13:04:41.759+0000][64][info ][gc,phases   ] GC(12)   Pre Evacuate Collection Set: 0.2ms
[2023-07-16T13:04:41.759+0000][64][info ][gc,phases   ] GC(12)   Merge Heap Roots: 0.1ms
[2023-07-16T13:04:41.759+0000][64][info ][gc,phases   ] GC(12)   Evacuate Collection Set: 39.6ms
[2023-07-16T13:04:41.759+0000][64][info ][gc,phases   ] GC(12)   Post Evacuate Collection Set: 3.0ms
[2023-07-16T13:04:41.759+0000][64][info ][gc,phases   ] GC(12)   Other: 0.1ms
[2023-07-16T13:04:41.759+0000][64][trace][gc,age      ] GC(12) Age table with threshold 2 (max threshold 15)
[2023-07-16T13:04:41.759+0000][64][trace][gc,age      ] GC(12) - age   1:   26650200 bytes,   26650200 total
[2023-07-16T13:04:41.759+0000][64][trace][gc,age      ] GC(12) - age   2:   16081720 bytes,   42731920 total
[2023-07-16T13:04:41.759+0000][64][info ][gc,heap     ] GC(12) Eden regions: 76->0(152)
[2023-07-16T13:04:41.759+0000][64][info ][gc,heap     ] GC(12) Survivor regions: 17->12(12)
[2023-07-16T13:04:41.759+0000][64][info ][gc,heap     ] GC(12) Old regions: 2->15
[2023-07-16T13:04:41.759+0000][64][info ][gc,heap     ] GC(12) Archive regions: 2->2
[2023-07-16T13:04:41.759+0000][64][info ][gc,heap     ] GC(12) Humongous regions: 2->2
[2023-07-16T13:04:41.759+0000][64][info ][gc,metaspace] GC(12) Metaspace: 128301K(131840K)->128301K(131840K) NonClass: 110602K(112512K)->110602K(112512K) Class: 17698K(19328K)->17698K(19328K)
[2023-07-16T13:04:41.759+0000][64][info ][gc          ] GC(12) Pause Young (Normal) (G1 Evacuation Pause) 389M->117M(2048M) 43.266ms
[2023-07-16T13:04:41.759+0000][64][info ][gc,cpu      ] GC(12) User=0.15s Sys=0.00s Real=0.04s
[2023-07-16T13:04:41.759+0000][64][info ][safepoint   ] Safepoint "G1CollectForAllocation", Time since last: 27836590 ns, Reaching safepoint: 976092 ns, Cleanup: 90729 ns, At safepoint: 43384476 ns, Total: 44451297 ns
[2023-07-16T13:04:42.760+0000][64][info ][safepoint   ] Safepoint "Cleanup", Time since last: 1001104685 ns, Reaching safepoint: 12425 ns, Cleanup: 182136 ns, At safepoint: 7314 ns, Total: 201875 ns
[2023-07-16T13:04:43.761+0000][64][info ][safepoint   ] Safepoint "Cleanup", Time since last: 1000137496 ns, Reaching safepoint: 104524 ns, Cleanup: 157133 ns, At safepoint: 42809 ns, Total: 304466 ns
[2023-07-16T13:04:44.036+0000][64][info ][safepoint   ] Safepoint "ICBufferFull", Time since last: 275662618 ns, Reaching safepoint: 12598 ns, Cleanup: 176064 ns, At safepoint: 24434 ns, Total: 213096 ns
[2023-07-16T13:04:44.473+0000][64][info ][safepoint   ] Safepoint "ICBufferFull", Time since last: 436225071 ns, Reaching safepoint: 11916 ns, Cleanup: 207102 ns, At safepoint: 47759 ns, Total: 266777 ns
[2023-07-16T13:04:45.231+0000][64][info ][safepoint   ] Safepoint "ICBufferFull", Time since last: 757849789 ns, Reaching safepoint: 33727 ns, Cleanup: 270165 ns, At safepoint: 22190 ns, Total: 326082 ns
[2023-07-16T13:04:45.613+0000][64][info ][safepoint   ] Safepoint "ICBufferFull", Time since last: 381924491 ns, Reaching safepoint: 10339 ns, Cleanup: 184135 ns, At safepoint: 11229 ns, Total: 205703 ns
[2023-07-16T13:04:46.799+0000][64][info ][safepoint   ] Safepoint "Cleanup", Time since last: 1184549348 ns, Reaching safepoint: 11173 ns, Cleanup: 1492943 ns, At safepoint: 14237 ns, Total: 1518353 ns
[2023-07-16T13:04:48.085+0000][64][info ][safepoint   ] Safepoint "Cleanup", Time since last: 1284871228 ns, Reaching safepoint: 17974 ns, Cleanup: 559946 ns, At safepoint: 9938 ns, Total: 587858 ns
[2023-07-16T13:04:48.717+0000][64][info ][safepoint   ] Safepoint "ICBufferFull", Time since last: 619242812 ns, Reaching safepoint: 12640480 ns, Cleanup: 204146 ns, At safepoint: 51122 ns, Total: 12895748 ns
[2023-07-16T13:04:49.385+0000][64][info ][safepoint   ] Safepoint "ICBufferFull", Time since last: 667392746 ns, Reaching safepoint: 12078 ns, Cleanup: 473249 ns, At safepoint: 32884 ns, Total: 518211 ns
[2023-07-16T13:04:50.116+0000][64][info ][safepoint   ] Safepoint "ICBufferFull", Time since last: 728640382 ns, Reaching safepoint: 2079087 ns, Cleanup: 181289 ns, At safepoint: 55254 ns, Total: 2315630 ns
[2023-07-16T13:04:50.624+0000][64][info ][safepoint   ] Safepoint "ICBufferFull", Time since last: 508251103 ns, Reaching safepoint: 267073 ns, Cleanup: 167133 ns, At safepoint: 33378 ns, Total: 467584 ns
[2023-07-16T13:04:50.903+0000][64][info ][gc,start    ] GC(13) Pause Young (Normal) (G1 Evacuation Pause)
[2023-07-16T13:04:50.903+0000][64][info ][gc,task     ] GC(13) Using 6 workers of 6 for evacuation
[2023-07-16T13:04:50.903+0000][64][debug][gc,age      ] GC(13) Desired survivor size 23068672 bytes, new threshold 1 (max threshold 15)
[2023-07-16T13:04:50.949+0000][64][info ][gc,phases   ] GC(13)   Pre Evacuate Collection Set: 0.3ms
[2023-07-16T13:04:50.949+0000][64][info ][gc,phases   ] GC(13)   Merge Heap Roots: 0.2ms
[2023-07-16T13:04:50.949+0000][64][info ][gc,phases   ] GC(13)   Evacuate Collection Set: 34.6ms
[2023-07-16T13:04:50.949+0000][64][info ][gc,phases   ] GC(13)   Post Evacuate Collection Set: 10.2ms
[2023-07-16T13:04:50.949+0000][64][info ][gc,phases   ] GC(13)   Other: 0.1ms
[2023-07-16T13:04:50.949+0000][64][trace][gc,age      ] GC(13) Age table with threshold 1 (max threshold 15)
[2023-07-16T13:04:50.949+0000][64][trace][gc,age      ] GC(13) - age   1:   13398904 bytes,   13398904 total
[2023-07-16T13:04:50.949+0000][64][info ][gc,heap     ] GC(13) Eden regions: 73->0(303)
[2023-07-16T13:04:50.949+0000][64][info ][gc,heap     ] GC(13) Survivor regions: 12->4(11)
[2023-07-16T13:04:50.949+0000][64][info ][gc,heap     ] GC(13) Old regions: 15->27
[2023-07-16T13:04:50.949+0000][64][info ][gc,heap     ] GC(13) Archive regions: 2->2
[2023-07-16T13:04:50.949+0000][64][info ][gc,heap     ] GC(13) Humongous regions: 2->2
[2023-07-16T13:04:50.949+0000][64][info ][gc,metaspace] GC(13) Metaspace: 133903K(137600K)->133903K(137600K) NonClass: 115439K(117376K)->115439K(117376K) Class: 18464K(20224K)->18464K(20224K)
[2023-07-16T13:04:50.949+0000][64][info ][gc          ] GC(13) Pause Young (Normal) (G1 Evacuation Pause) 409M->132M(2048M) 45.640ms
[2023-07-16T13:04:50.949+0000][64][info ][gc,cpu      ] GC(13) User=0.08s Sys=0.01s Real=0.05s
[2023-07-16T13:04:50.949+0000][64][info ][safepoint   ] Safepoint "G1CollectForAllocation", Time since last: 277284554 ns, Reaching safepoint: 1398474 ns, Cleanup: 217292 ns, At safepoint: 45848867 ns, Total: 47464633 ns
[2023-07-16T13:04:51.523+0000][64][info ][safepoint   ] Safepoint "ICBufferFull", Time since last: 572594796 ns, Reaching safepoint: 1160064 ns, Cleanup: 163783 ns, At safepoint: 52377 ns, Total: 1376224 ns
[2023-07-16T13:04:52.253+0000][64][info ][safepoint   ] Safepoint "ICBufferFull", Time since last: 729871362 ns, Reaching safepoint: 12302 ns, Cleanup: 166637 ns, At safepoint: 33710 ns, Total: 212649 ns
[2023-07-16T13:04:52.259+0000][64][info ][safepoint   ] Safepoint "ICBufferFull", Time since last: 4905357 ns, Reaching safepoint: 739334 ns, Cleanup: 84003 ns, At safepoint: 48771 ns, Total: 872108 ns
[2023-07-16T13:04:52.392+0000][64][info ][safepoint   ] Safepoint "ICBufferFull", Time since last: 132547130 ns, Reaching safepoint: 12432 ns, Cleanup: 152857 ns, At safepoint: 36864 ns, Total: 202153 ns
[2023-07-16T13:04:53.215+0000][64][info ][safepoint   ] Safepoint "ICBufferFull", Time since last: 821732891 ns, Reaching safepoint: 748311 ns, Cleanup: 253387 ns, At safepoint: 63100 ns, Total: 1064798 ns
[2023-07-16T13:04:54.505+0000][64][info ][safepoint   ] Safepoint "Cleanup", Time since last: 1285486749 ns, Reaching safepoint: 4984439 ns, Cleanup: 208959 ns, At safepoint: 35262 ns, Total: 5228660 ns
[2023-07-16T13:04:55.023+0000][64][info ][safepoint   ] Safepoint "ICBufferFull", Time since last: 517102114 ns, Reaching safepoint: 32415 ns, Cleanup: 189347 ns, At safepoint: 10414 ns, Total: 232176 ns
[2023-07-16T13:04:56.202+0000][64][info ][safepoint   ] Safepoint "ICBufferFull", Time since last: 1177257182 ns, Reaching safepoint: 161700 ns, Cleanup: 2147862 ns, At safepoint: 68270 ns, Total: 2377832 ns
[2023-07-16T13:04:57.276+0000][64][info ][safepoint   ] Safepoint "Cleanup", Time since last: 1072408823 ns, Reaching safepoint: 1048778 ns, Cleanup: 260699 ns, At safepoint: 33009 ns, Total: 1342486 ns
[2023-07-16T13:04:57.546+0000][64][info ][safepoint   ] Safepoint "ICBufferFull", Time since last: 269712687 ns, Reaching safepoint: 11863 ns, Cleanup: 228090 ns, At safepoint: 24306 ns, Total: 264259 ns
[2023-07-16T13:04:58.306+0000][64][info ][safepoint   ] Safepoint "ICBufferFull", Time since last: 759502192 ns, Reaching safepoint: 12736 ns, Cleanup: 189437 ns, At safepoint: 34251 ns, Total: 236424 ns
[2023-07-16T13:04:59.062+0000][64][info ][safepoint   ] Safepoint "ICBufferFull", Time since last: 755719244 ns, Reaching safepoint: 31444 ns, Cleanup: 229125 ns, At safepoint: 286080 ns, Total: 546649 ns
[2023-07-16T13:05:00.291+0000][64][info ][safepoint   ] Safepoint "ICBufferFull", Time since last: 1229022201 ns, Reaching safepoint: 12741 ns, Cleanup: 229439 ns, At safepoint: 24158 ns, Total: 266338 ns
[2023-07-16T13:05:00.834+0000][64][info ][safepoint   ] Safepoint "ICBufferFull", Time since last: 542804714 ns, Reaching safepoint: 13296 ns, Cleanup: 355936 ns, At safepoint: 12754 ns, Total: 381986 ns
[2023-07-16T13:05:02.363+0000][64][info ][safepoint   ] Safepoint "Cleanup", Time since last: 1528339591 ns, Reaching safepoint: 14667 ns, Cleanup: 102227 ns, At safepoint: 10303 ns, Total: 127197 ns
[2023-07-16T13:05:03.364+0000][64][info ][safepoint   ] Safepoint "Cleanup", Time since last: 1000870976 ns, Reaching safepoint: 16009 ns, Cleanup: 92092 ns, At safepoint: 11322 ns, Total: 119423 ns
[2023-07-16T13:05:04.845+0000][64][info ][safepoint   ] Safepoint "Cleanup", Time since last: 1481242189 ns, Reaching safepoint: 14734 ns, Cleanup: 159951 ns, At safepoint: 10069 ns, Total: 184754 ns
[2023-07-16T13:05:05.846+0000][64][info ][safepoint   ] Safepoint "Cleanup", Time since last: 1000289341 ns, Reaching safepoint: 15242 ns, Cleanup: 117881 ns, At safepoint: 10736 ns, Total: 143859 ns
[2023-07-16T13:05:06.846+0000][64][info ][safepoint   ] Safepoint "Cleanup", Time since last: 1000150897 ns, Reaching safepoint: 16016 ns, Cleanup: 100663 ns, At safepoint: 10448 ns, Total: 127127 ns
[2023-07-16T13:05:08.380+0000][64][info ][safepoint   ] Safepoint "Cleanup", Time since last: 1533384931 ns, Reaching safepoint: 14069 ns, Cleanup: 129898 ns, At safepoint: 8583 ns, Total: 152550 ns
[2023-07-16T13:05:09.412+0000][64][info ][safepoint   ] Safepoint "Cleanup", Time since last: 1032491705 ns, Reaching safepoint: 7394 ns, Cleanup: 68189 ns, At safepoint: 9466 ns, Total: 85049 ns
[2023-07-16T13:05:09.430+0000][64][info ][gc,start    ] GC(14) Pause Young (Concurrent Start) (CodeCache GC Threshold)
[2023-07-16T13:05:09.430+0000][64][info ][gc,task     ] GC(14) Using 6 workers of 6 for evacuation
[2023-07-16T13:05:09.430+0000][64][debug][gc,age      ] GC(14) Desired survivor size 81788928 bytes, new threshold 15 (max threshold 15)
[2023-07-16T13:05:09.443+0000][64][info ][gc,phases   ] GC(14)   Pre Evacuate Collection Set: 0.2ms
[2023-07-16T13:05:09.443+0000][64][info ][gc,phases   ] GC(14)   Merge Heap Roots: 0.3ms
[2023-07-16T13:05:09.443+0000][64][info ][gc,phases   ] GC(14)   Evacuate Collection Set: 10.2ms
[2023-07-16T13:05:09.443+0000][64][info ][gc,phases   ] GC(14)   Post Evacuate Collection Set: 2.5ms
[2023-07-16T13:05:09.443+0000][64][info ][gc,phases   ] GC(14)   Other: 0.3ms
[2023-07-16T13:05:09.443+0000][64][trace][gc,age      ] GC(14) Age table with threshold 15 (max threshold 15)
[2023-07-16T13:05:09.443+0000][64][trace][gc,age      ] GC(14) - age   1:   13287480 bytes,   13287480 total
[2023-07-16T13:05:09.443+0000][64][trace][gc,age      ] GC(14) - age   2:    8258424 bytes,   21545904 total
[2023-07-16T13:05:09.443+0000][64][info ][gc,heap     ] GC(14) Eden regions: 179->0(301)
[2023-07-16T13:05:09.443+0000][64][info ][gc,heap     ] GC(14) Survivor regions: 4->6(39)
[2023-07-16T13:05:09.443+0000][64][info ][gc,heap     ] GC(14) Old regions: 27->27
[2023-07-16T13:05:09.443+0000][64][info ][gc,heap     ] GC(14) Archive regions: 2->2
[2023-07-16T13:05:09.443+0000][64][info ][gc,heap     ] GC(14) Humongous regions: 2->2
[2023-07-16T13:05:09.443+0000][64][info ][gc,metaspace] GC(14) Metaspace: 141665K(145472K)->141665K(145472K) NonClass: 122285K(124288K)->122285K(124288K) Class: 19379K(21184K)->19379K(21184K)
[2023-07-16T13:05:09.443+0000][64][info ][gc          ] GC(14) Pause Young (Concurrent Start) (CodeCache GC Threshold) 846M->139M(2048M) 13.691ms
[2023-07-16T13:05:09.443+0000][64][info ][gc,cpu      ] GC(14) User=0.04s Sys=0.01s Real=0.01s
[2023-07-16T13:05:09.443+0000][64][info ][gc          ] GC(15) Concurrent Mark Cycle
[2023-07-16T13:05:09.443+0000][64][info ][gc,marking  ] GC(15) Concurrent Scan Root Regions
[2023-07-16T13:05:09.443+0000][64][info ][safepoint   ] Safepoint "G1TryInitiateConcMark", Time since last: 17149587 ns, Reaching safepoint: 7823 ns, Cleanup: 192145 ns, At safepoint: 13841046 ns, Total: 14041014 ns
[2023-07-16T13:05:09.450+0000][64][info ][gc,marking  ] GC(15) Concurrent Scan Root Regions 6.312ms
[2023-07-16T13:05:09.450+0000][64][info ][gc,marking  ] GC(15) Concurrent Mark
[2023-07-16T13:05:09.450+0000][64][info ][gc,marking  ] GC(15) Concurrent Mark From Roots
[2023-07-16T13:05:09.450+0000][64][info ][gc,task     ] GC(15) Using 2 workers of 2 for marking
[2023-07-16T13:05:09.502+0000][64][info ][gc,marking  ] GC(15) Concurrent Mark From Roots 52.786ms
[2023-07-16T13:05:09.503+0000][64][info ][gc,marking  ] GC(15) Concurrent Preclean
[2023-07-16T13:05:09.503+0000][64][info ][gc,marking  ] GC(15) Concurrent Preclean 0.105ms
[2023-07-16T13:05:09.503+0000][64][info ][gc,start    ] GC(15) Pause Remark
[2023-07-16T13:05:09.517+0000][64][info ][gc          ] GC(15) Pause Remark 143M->143M(2048M) 13.847ms
[2023-07-16T13:05:09.517+0000][64][info ][gc,cpu      ] GC(15) User=0.06s Sys=0.00s Real=0.02s
[2023-07-16T13:05:09.517+0000][64][info ][safepoint   ] Safepoint "G1PauseRemark", Time since last: 59339224 ns, Reaching safepoint: 12462 ns, Cleanup: 103799 ns, At safepoint: 13969921 ns, Total: 14086182 ns
[2023-07-16T13:05:09.517+0000][64][info ][gc,marking  ] GC(15) Concurrent Mark 67.214ms
[2023-07-16T13:05:09.517+0000][64][info ][gc,marking  ] GC(15) Concurrent Rebuild Remembered Sets and Scrub Regions
[2023-07-16T13:05:09.540+0000][64][info ][gc,marking  ] GC(15) Concurrent Rebuild Remembered Sets and Scrub Regions 23.077ms
[2023-07-16T13:05:09.540+0000][64][info ][gc,start    ] GC(15) Pause Cleanup
[2023-07-16T13:05:09.540+0000][64][info ][gc          ] GC(15) Pause Cleanup 147M->147M(2048M) 0.191ms
[2023-07-16T13:05:09.540+0000][64][info ][gc,cpu      ] GC(15) User=0.00s Sys=0.00s Real=0.00s
[2023-07-16T13:05:09.540+0000][64][info ][safepoint   ] Safepoint "G1PauseCleanup", Time since last: 23326615 ns, Reaching safepoint: 10114 ns, Cleanup: 91130 ns, At safepoint: 268684 ns, Total: 369928 ns
[2023-07-16T13:05:09.541+0000][64][info ][gc,marking  ] GC(15) Concurrent Clear Claimed Marks
[2023-07-16T13:05:09.541+0000][64][info ][gc,marking  ] GC(15) Concurrent Clear Claimed Marks 0.252ms
[2023-07-16T13:05:09.541+0000][64][info ][gc,marking  ] GC(15) Concurrent Cleanup for Next Mark
[2023-07-16T13:05:09.542+0000][64][info ][gc,marking  ] GC(15) Concurrent Cleanup for Next Mark 1.278ms
[2023-07-16T13:05:09.542+0000][64][info ][gc          ] GC(15) Concurrent Mark Cycle 98.820ms
[2023-07-16T13:05:11.395+0000][64][info ][safepoint   ] Safepoint "Cleanup", Time since last: 1854197401 ns, Reaching safepoint: 14470 ns, Cleanup: 320070 ns, At safepoint: 8825 ns, Total: 343365 ns
[2023-07-16T13:05:12.396+0000][64][info ][safepoint   ] Safepoint "Cleanup", Time since last: 1000809389 ns, Reaching safepoint: 14411 ns, Cleanup: 355646 ns, At safepoint: 12251 ns, Total: 382308 ns
